[icc2-lic Thu May 21 20:55:10 2026] Command 'report_timing' requires licenses
[icc2-lic Thu May 21 20:55:10 2026] Attempting to check-out alternate set of keys directly with queueing
[icc2-lic Thu May 21 20:55:10 2026] Sending count request for 'ICCompilerII-8' 
[icc2-lic Thu May 21 20:55:10 2026] Count request for 'ICCompilerII-8' returned 1 
[icc2-lic Thu May 21 20:55:10 2026] Sending check-out request for 'ICCompilerII-8' (1) with wait option
[icc2-lic Thu May 21 20:55:10 2026] Check-out request for 'ICCompilerII-8' with wait option succeeded
[icc2-lic Thu May 21 20:55:10 2026] Sending checkout check request for 'ICCompilerII-8' 
[icc2-lic Thu May 21 20:55:10 2026] Checkout check request for 'ICCompilerII-8' returned 0 
[icc2-lic Thu May 21 20:55:10 2026] Sending count request for 'ICCompilerII-8' 
[icc2-lic Thu May 21 20:55:10 2026] Count request for 'ICCompilerII-8' returned 1 
[icc2-lic Thu May 21 20:55:10 2026] Sending count request for 'ICCompilerII-NX' 
[icc2-lic Thu May 21 20:55:10 2026] Count request for 'ICCompilerII-NX' returned 1 
[icc2-lic Thu May 21 20:55:10 2026] Sending check-out request for 'ICCompilerII-NX' (1) with wait option
[icc2-lic Thu May 21 20:55:10 2026] Check-out request for 'ICCompilerII-NX' with wait option succeeded
[icc2-lic Thu May 21 20:55:10 2026] Sending checkout check request for 'ICCompilerII-NX' 
[icc2-lic Thu May 21 20:55:10 2026] Checkout check request for 'ICCompilerII-NX' returned 0 
[icc2-lic Thu May 21 20:55:10 2026] Sending count request for 'ICCompilerII-NX' 
[icc2-lic Thu May 21 20:55:10 2026] Count request for 'ICCompilerII-NX' returned 1 
[icc2-lic Thu May 21 20:55:10 2026] Check-out of alternate set of keys directly with queueing was successful
****************************************
Report : timing
        -path_type full
        -delay_type max
        -max_paths 50
        -report_by design
Design : rcla_32
Version: U-2022.12-SP3
Date   : Thu May 21 20:55:10 2026
****************************************

  Startpoint: A[0] (input port clocked by VCLK)
  Endpoint: Cout (output port clocked by VCLK)
  Mode: FUNC
  Corner: TT
  Scenario: SCEN_TT
  Path Group: **in2out_default**
  Path Type: max

  Point                                            Incr      Path  
  ------------------------------------------------------------------------
  clock VCLK (rise edge)                           0.00      0.00
  clock network delay (ideal)                      0.00      0.01
  input external delay                             0.50      0.51 r
  A[0] (in)                                        0.01      0.51 r
  U126/Y (NAND2X0_RVT)                             0.04      0.55 f
  ctmTdsLR_2_473/Y (OA21X1_RVT)                    0.05      0.61 f
  ctmTdsLR_4_515/Y (OA21X1_RVT)                    0.03      0.64 f
  ctmTdsLR_1_512/Y (NAND3X0_RVT)                   0.03      0.67 r
  intadd_6/U30/CO (FADDX1_RVT)                     0.05      0.72 r
  intadd_6/U29/CO (FADDX1_RVT)                     0.05      0.77 r
  intadd_6/U28/CO (FADDX1_RVT)                     0.06      0.83 r
  intadd_6/U27/CO (FADDX1_RVT)                     0.05      0.88 r
  intadd_6/U26/CO (FADDX1_RVT)                     0.05      0.94 r
  intadd_6/U25/CO (FADDX1_RVT)                     0.06      0.99 r
  ctmTdsLR_1_518/Y (AO21X1_RVT)                    0.05      1.04 r
  ctmTdsLR_6_523/Y (AO21X1_RVT)                    0.05      1.10 r
  ctmTdsLR_5_511/Y (AO21X1_RVT)                    0.05      1.15 r
  ctmTdsLR_1_107/Y (AO21X1_RVT)                    0.06      1.20 r
  ctmTdsLR_1_356/Y (OA222X1_RVT)                   0.05      1.25 r
  ctmTdsLR_2_452/Y (NAND2X0_RVT)                   0.03      1.28 f
  ctmTdsLR_1_451/Y (NAND3X0_RVT)                   0.03      1.31 r
  Cout (out)                                       0.00      1.31 r
  data arrival time                                          1.31

  clock VCLK (rise edge)                           2.00      2.00
  clock network delay (ideal)                      0.00      2.00
  clock uncertainty                               -0.15      1.85
  output external delay                           -0.50      1.35
  data required time                                         1.35
  ------------------------------------------------------------------------
  data required time                                         1.35
  data arrival time                                         -1.31
  ------------------------------------------------------------------------
  slack (MET)                                                0.04



  Startpoint: A[0] (input port clocked by VCLK)
  Endpoint: Sum[31] (output port clocked by VCLK)
  Mode: FUNC
  Corner: TT
  Scenario: SCEN_TT
  Path Group: **in2out_default**
  Path Type: max

  Point                                            Incr      Path  
  ------------------------------------------------------------------------
  clock VCLK (rise edge)                           0.00      0.00
  clock network delay (ideal)                      0.00      0.01
  input external delay                             0.50      0.51 r
  A[0] (in)                                        0.01      0.51 r
  U126/Y (NAND2X0_RVT)                             0.04      0.55 f
  ctmTdsLR_2_473/Y (OA21X1_RVT)                    0.05      0.61 f
  ctmTdsLR_4_515/Y (OA21X1_RVT)                    0.03      0.64 f
  ctmTdsLR_1_512/Y (NAND3X0_RVT)                   0.03      0.67 r
  intadd_6/U30/CO (FADDX1_RVT)                     0.05      0.72 r
  intadd_6/U29/CO (FADDX1_RVT)                     0.05      0.77 r
  intadd_6/U28/CO (FADDX1_RVT)                     0.06      0.83 r
  intadd_6/U27/CO (FADDX1_RVT)                     0.05      0.88 r
  intadd_6/U26/CO (FADDX1_RVT)                     0.05      0.94 r
  intadd_6/U25/CO (FADDX1_RVT)                     0.06      0.99 r
  ctmTdsLR_1_518/Y (AO21X1_RVT)                    0.05      1.04 r
  ctmTdsLR_6_523/Y (AO21X1_RVT)                    0.05      1.10 r
  ctmTdsLR_5_511/Y (AO21X1_RVT)                    0.05      1.15 r
  ctmTdsLR_1_107/Y (AO21X1_RVT)                    0.06      1.20 r
  ctmTdsLR_1_552/Y (AO222X1_RVT)                   0.06      1.26 r
  ctmTdsLR_4_77/Y (XOR3X1_RVT)                     0.04      1.30 f
  Sum[31] (out)                                    0.00      1.30 f
  data arrival time                                          1.30

  clock VCLK (rise edge)                           2.00      2.00
  clock network delay (ideal)                      0.00      2.00
  clock uncertainty                               -0.15      1.85
  output external delay                           -0.50      1.35
  data required time                                         1.35
  ------------------------------------------------------------------------
  data required time                                         1.35
  data arrival time                                         -1.30
  ------------------------------------------------------------------------
  slack (MET)                                                0.05



  Startpoint: A[0] (input port clocked by VCLK)
  Endpoint: Sum[30] (output port clocked by VCLK)
  Mode: FUNC
  Corner: TT
  Scenario: SCEN_TT
  Path Group: **in2out_default**
  Path Type: max

  Point                                            Incr      Path  
  ------------------------------------------------------------------------
  clock VCLK (rise edge)                           0.00      0.00
  clock network delay (ideal)                      0.00      0.01
  input external delay                             0.50      0.51 r
  A[0] (in)                                        0.01      0.51 r
  U126/Y (NAND2X0_RVT)                             0.04      0.55 f
  ctmTdsLR_2_473/Y (OA21X1_RVT)                    0.05      0.61 f
  ctmTdsLR_4_515/Y (OA21X1_RVT)                    0.03      0.64 f
  ctmTdsLR_1_512/Y (NAND3X0_RVT)                   0.03      0.67 r
  intadd_6/U30/CO (FADDX1_RVT)                     0.05      0.72 r
  intadd_6/U29/CO (FADDX1_RVT)                     0.05      0.77 r
  intadd_6/U28/CO (FADDX1_RVT)                     0.06      0.83 r
  intadd_6/U27/CO (FADDX1_RVT)                     0.05      0.88 r
  intadd_6/U26/CO (FADDX1_RVT)                     0.05      0.94 r
  intadd_6/U25/CO (FADDX1_RVT)                     0.06      0.99 r
  ctmTdsLR_1_518/Y (AO21X1_RVT)                    0.05      1.04 r
  ctmTdsLR_6_523/Y (AO21X1_RVT)                    0.05      1.10 r
  ctmTdsLR_5_511/Y (AO21X1_RVT)                    0.05      1.15 r
  ctmTdsLR_1_107/Y (AO21X1_RVT)                    0.06      1.20 r
  ctmTdsLR_1_356/Y (OA222X1_RVT)                   0.05      1.25 r
  ctmTdsLR_1_122/Y (XOR3X2_RVT)                    0.04      1.29 f
  Sum[30] (out)                                    0.00      1.29 f
  data arrival time                                          1.29

  clock VCLK (rise edge)                           2.00      2.00
  clock network delay (ideal)                      0.00      2.00
  clock uncertainty                               -0.15      1.85
  output external delay                           -0.50      1.35
  data required time                                         1.35
  ------------------------------------------------------------------------
  data required time                                         1.35
  data arrival time                                         -1.29
  ------------------------------------------------------------------------
  slack (MET)                                                0.06



  Startpoint: A[0] (input port clocked by VCLK)
  Endpoint: Sum[26] (output port clocked by VCLK)
  Mode: FUNC
  Corner: TT
  Scenario: SCEN_TT
  Path Group: **in2out_default**
  Path Type: max

  Point                                            Incr      Path  
  ------------------------------------------------------------------------
  clock VCLK (rise edge)                           0.00      0.00
  clock network delay (ideal)                      0.00      0.01
  input external delay                             0.50      0.51 r
  A[0] (in)                                        0.01      0.51 r
  U126/Y (NAND2X0_RVT)                             0.04      0.55 f
  ctmTdsLR_2_473/Y (OA21X1_RVT)                    0.05      0.61 f
  ctmTdsLR_4_515/Y (OA21X1_RVT)                    0.03      0.64 f
  ctmTdsLR_1_512/Y (NAND3X0_RVT)                   0.03      0.67 r
  intadd_6/U30/CO (FADDX1_RVT)                     0.05      0.72 r
  intadd_6/U29/CO (FADDX1_RVT)                     0.05      0.77 r
  intadd_6/U28/CO (FADDX1_RVT)                     0.06      0.83 r
  intadd_6/U27/CO (FADDX1_RVT)                     0.05      0.88 r
  intadd_6/U26/CO (FADDX1_RVT)                     0.05      0.94 r
  intadd_6/U25/CO (FADDX1_RVT)                     0.06      0.99 r
  ctmTdsLR_1_518/Y (AO21X1_RVT)                    0.05      1.04 r
  ctmTdsLR_6_523/Y (AO21X1_RVT)                    0.05      1.10 r
  ctmTdsLR_1_96/Y (AO21X1_RVT)                     0.06      1.16 r
  ctmTdsLR_1_115/Y (AO21X1_RVT)                    0.05      1.21 r
  ctmTdsLR_2_126/Y (AO21X1_RVT)                    0.05      1.25 r
  ctmTdsLR_1_125/Y (XOR3X1_RVT)                    0.04      1.29 f
  Sum[26] (out)                                    0.00      1.29 f
  data arrival time                                          1.29

  clock VCLK (rise edge)                           2.00      2.00
  clock network delay (ideal)                      0.00      2.00
  clock uncertainty                               -0.15      1.85
  output external delay                           -0.50      1.35
  data required time                                         1.35
  ------------------------------------------------------------------------
  data required time                                         1.35
  data arrival time                                         -1.29
  ------------------------------------------------------------------------
  slack (MET)                                                0.06



  Startpoint: A[0] (input port clocked by VCLK)
  Endpoint: Sum[28] (output port clocked by VCLK)
  Mode: FUNC
  Corner: TT
  Scenario: SCEN_TT
  Path Group: **in2out_default**
  Path Type: max

  Point                                            Incr      Path  
  ------------------------------------------------------------------------
  clock VCLK (rise edge)                           0.00      0.00
  clock network delay (ideal)                      0.00      0.01
  input external delay                             0.50      0.51 r
  A[0] (in)                                        0.01      0.51 r
  U126/Y (NAND2X0_RVT)                             0.04      0.55 f
  ctmTdsLR_2_473/Y (OA21X1_RVT)                    0.05      0.61 f
  ctmTdsLR_4_515/Y (OA21X1_RVT)                    0.03      0.64 f
  ctmTdsLR_1_512/Y (NAND3X0_RVT)                   0.03      0.67 r
  intadd_6/U30/CO (FADDX1_RVT)                     0.05      0.72 r
  intadd_6/U29/CO (FADDX1_RVT)                     0.05      0.77 r
  intadd_6/U28/CO (FADDX1_RVT)                     0.06      0.83 r
  intadd_6/U27/CO (FADDX1_RVT)                     0.05      0.88 r
  intadd_6/U26/CO (FADDX1_RVT)                     0.05      0.94 r
  intadd_6/U25/CO (FADDX1_RVT)                     0.06      0.99 r
  ctmTdsLR_1_518/Y (AO21X1_RVT)                    0.05      1.04 r
  ctmTdsLR_6_523/Y (AO21X1_RVT)                    0.05      1.10 r
  ctmTdsLR_1_570/Y (AO221X1_RVT)                   0.07      1.16 r
  ctmTdsLR_1_112/Y (AO21X1_RVT)                    0.04      1.21 r
  ZINV_100_inst_506/Y (INVX0_RVT)                  0.02      1.23 f
  ctmTdsLR_2_84/Y (NAND3X0_RVT)                    0.02      1.25 r
  ctmTdsLR_1_83/Y (NAND3X0_RVT)                    0.04      1.29 f
  Sum[28] (out)                                    0.00      1.29 f
  data arrival time                                          1.29

  clock VCLK (rise edge)                           2.00      2.00
  clock network delay (ideal)                      0.00      2.00
  clock uncertainty                               -0.15      1.85
  output external delay                           -0.50      1.35
  data required time                                         1.35
  ------------------------------------------------------------------------
  data required time                                         1.35
  data arrival time                                         -1.29
  ------------------------------------------------------------------------
  slack (MET)                                                0.06



  Startpoint: A[0] (input port clocked by VCLK)
  Endpoint: Sum[24] (output port clocked by VCLK)
  Mode: FUNC
  Corner: TT
  Scenario: SCEN_TT
  Path Group: **in2out_default**
  Path Type: max

  Point                                            Incr      Path  
  ------------------------------------------------------------------------
  clock VCLK (rise edge)                           0.00      0.00
  clock network delay (ideal)                      0.00      0.01
  input external delay                             0.50      0.51 r
  A[0] (in)                                        0.01      0.51 r
  U126/Y (NAND2X0_RVT)                             0.04      0.55 f
  ctmTdsLR_2_473/Y (OA21X1_RVT)                    0.05      0.61 f
  ctmTdsLR_4_515/Y (OA21X1_RVT)                    0.03      0.64 f
  ctmTdsLR_1_512/Y (NAND3X0_RVT)                   0.03      0.67 r
  intadd_6/U30/CO (FADDX1_RVT)                     0.05      0.72 r
  intadd_6/U29/CO (FADDX1_RVT)                     0.05      0.77 r
  intadd_6/U28/CO (FADDX1_RVT)                     0.06      0.83 r
  intadd_6/U27/CO (FADDX1_RVT)                     0.05      0.88 r
  intadd_6/U26/CO (FADDX1_RVT)                     0.05      0.94 r
  intadd_6/U25/CO (FADDX1_RVT)                     0.06      0.99 r
  ctmTdsLR_1_518/Y (AO21X1_RVT)                    0.05      1.04 r
  ctmTdsLR_6_523/Y (AO21X1_RVT)                    0.05      1.10 r
  ctmTdsLR_1_96/Y (AO21X1_RVT)                     0.06      1.16 r
  ctmTdsLR_1_113/Y (AO21X1_RVT)                    0.05      1.20 r
  ctmTdsLR_3_378/Y (OA222X1_RVT)                   0.04      1.24 r
  ctmTdsLR_4_379/Y (NAND2X0_RVT)                   0.04      1.28 f
  Sum[24] (out)                                    0.00      1.28 f
  data arrival time                                          1.28

  clock VCLK (rise edge)                           2.00      2.00
  clock network delay (ideal)                      0.00      2.00
  clock uncertainty                               -0.15      1.85
  output external delay                           -0.50      1.35
  data required time                                         1.35
  ------------------------------------------------------------------------
  data required time                                         1.35
  data arrival time                                         -1.28
  ------------------------------------------------------------------------
  slack (MET)                                                0.07



  Startpoint: A[0] (input port clocked by VCLK)
  Endpoint: Sum[29] (output port clocked by VCLK)
  Mode: FUNC
  Corner: TT
  Scenario: SCEN_TT
  Path Group: **in2out_default**
  Path Type: max

  Point                                            Incr      Path  
  ------------------------------------------------------------------------
  clock VCLK (rise edge)                           0.00      0.00
  clock network delay (ideal)                      0.00      0.01
  input external delay                             0.50      0.51 r
  A[0] (in)                                        0.01      0.51 r
  U126/Y (NAND2X0_RVT)                             0.04      0.55 f
  ctmTdsLR_2_473/Y (OA21X1_RVT)                    0.05      0.61 f
  ctmTdsLR_4_515/Y (OA21X1_RVT)                    0.03      0.64 f
  ctmTdsLR_1_512/Y (NAND3X0_RVT)                   0.03      0.67 r
  intadd_6/U30/CO (FADDX1_RVT)                     0.05      0.72 r
  intadd_6/U29/CO (FADDX1_RVT)                     0.05      0.77 r
  intadd_6/U28/CO (FADDX1_RVT)                     0.06      0.83 r
  intadd_6/U27/CO (FADDX1_RVT)                     0.05      0.88 r
  intadd_6/U26/CO (FADDX1_RVT)                     0.05      0.94 r
  intadd_6/U25/CO (FADDX1_RVT)                     0.06      0.99 r
  ctmTdsLR_1_518/Y (AO21X1_RVT)                    0.05      1.04 r
  ctmTdsLR_6_523/Y (AO21X1_RVT)                    0.05      1.10 r
  ctmTdsLR_1_570/Y (AO221X1_RVT)                   0.07      1.16 r
  ctmTdsLR_1_104/Y (AO21X1_RVT)                    0.06      1.22 r
  ctmTdsLR_2_486/Y (OR2X1_RVT)                     0.03      1.25 r
  ctmTdsLR_1_485/Y (NAND3X0_RVT)                   0.03      1.28 f
  Sum[29] (out)                                    0.00      1.28 f
  data arrival time                                          1.28

  clock VCLK (rise edge)                           2.00      2.00
  clock network delay (ideal)                      0.00      2.00
  clock uncertainty                               -0.15      1.85
  output external delay                           -0.50      1.35
  data required time                                         1.35
  ------------------------------------------------------------------------
  data required time                                         1.35
  data arrival time                                         -1.28
  ------------------------------------------------------------------------
  slack (MET)                                                0.07



  Startpoint: A[0] (input port clocked by VCLK)
  Endpoint: Sum[18] (output port clocked by VCLK)
  Mode: FUNC
  Corner: TT
  Scenario: SCEN_TT
  Path Group: **in2out_default**
  Path Type: max

  Point                                            Incr      Path  
  ------------------------------------------------------------------------
  clock VCLK (rise edge)                           0.00      0.00
  clock network delay (ideal)                      0.00      0.01
  input external delay                             0.50      0.51 r
  A[0] (in)                                        0.01      0.51 r
  U126/Y (NAND2X0_RVT)                             0.04      0.55 f
  ctmTdsLR_2_473/Y (OA21X1_RVT)                    0.05      0.61 f
  ctmTdsLR_4_515/Y (OA21X1_RVT)                    0.03      0.64 f
  ctmTdsLR_1_512/Y (NAND3X0_RVT)                   0.03      0.67 r
  intadd_6/U30/CO (FADDX1_RVT)                     0.05      0.72 r
  intadd_6/U29/CO (FADDX1_RVT)                     0.05      0.77 r
  intadd_6/U28/CO (FADDX1_RVT)                     0.06      0.83 r
  intadd_6/U27/CO (FADDX1_RVT)                     0.05      0.88 r
  intadd_6/U26/CO (FADDX1_RVT)                     0.05      0.94 r
  intadd_6/U25/CO (FADDX1_RVT)                     0.06      0.99 r
  ctmTdsLR_1_518/Y (AO21X1_RVT)                    0.05      1.04 r
  ctmTdsLR_6_523/Y (AO21X1_RVT)                    0.05      1.10 r
  ctmTdsLR_5_511/Y (AO21X1_RVT)                    0.05      1.15 r
  ctmTdsLR_1_121/Y (AO21X1_RVT)                    0.05      1.20 r
  ctmTdsLR_1_352/Y (OR3X1_RVT)                     0.04      1.24 r
  ctmTdsLR_1_53/Y (NAND3X0_RVT)                    0.03      1.27 f
  Sum[18] (out)                                    0.00      1.27 f
  data arrival time                                          1.27

  clock VCLK (rise edge)                           2.00      2.00
  clock network delay (ideal)                      0.00      2.00
  clock uncertainty                               -0.15      1.85
  output external delay                           -0.50      1.35
  data required time                                         1.35
  ------------------------------------------------------------------------
  data required time                                         1.35
  data arrival time                                         -1.27
  ------------------------------------------------------------------------
  slack (MET)                                                0.08



  Startpoint: A[0] (input port clocked by VCLK)
  Endpoint: Sum[27] (output port clocked by VCLK)
  Mode: FUNC
  Corner: TT
  Scenario: SCEN_TT
  Path Group: **in2out_default**
  Path Type: max

  Point                                            Incr      Path  
  ------------------------------------------------------------------------
  clock VCLK (rise edge)                           0.00      0.00
  clock network delay (ideal)                      0.00      0.01
  input external delay                             0.50      0.51 r
  A[0] (in)                                        0.01      0.51 r
  U126/Y (NAND2X0_RVT)                             0.04      0.55 f
  ctmTdsLR_2_473/Y (OA21X1_RVT)                    0.05      0.61 f
  ctmTdsLR_4_515/Y (OA21X1_RVT)                    0.03      0.64 f
  ctmTdsLR_1_512/Y (NAND3X0_RVT)                   0.03      0.67 r
  intadd_6/U30/CO (FADDX1_RVT)                     0.05      0.72 r
  intadd_6/U29/CO (FADDX1_RVT)                     0.05      0.77 r
  intadd_6/U28/CO (FADDX1_RVT)                     0.06      0.83 r
  intadd_6/U27/CO (FADDX1_RVT)                     0.05      0.88 r
  intadd_6/U26/CO (FADDX1_RVT)                     0.05      0.94 r
  intadd_6/U25/CO (FADDX1_RVT)                     0.06      0.99 r
  ctmTdsLR_1_518/Y (AO21X1_RVT)                    0.05      1.04 r
  ctmTdsLR_6_523/Y (AO21X1_RVT)                    0.05      1.10 r
  ctmTdsLR_1_570/Y (AO221X1_RVT)                   0.07      1.16 r
  ctmTdsLR_1_104/Y (AO21X1_RVT)                    0.06      1.22 r
  ctmTdsLR_2_382/Y (MUX41X1_RVT)                   0.04      1.26 f
  Sum[27] (out)                                    0.00      1.26 f
  data arrival time                                          1.26

  clock VCLK (rise edge)                           2.00      2.00
  clock network delay (ideal)                      0.00      2.00
  clock uncertainty                               -0.15      1.85
  output external delay                           -0.50      1.35
  data required time                                         1.35
  ------------------------------------------------------------------------
  data required time                                         1.35
  data arrival time                                         -1.26
  ------------------------------------------------------------------------
  slack (MET)                                                0.09



  Startpoint: A[0] (input port clocked by VCLK)
  Endpoint: Sum[14] (output port clocked by VCLK)
  Mode: FUNC
  Corner: TT
  Scenario: SCEN_TT
  Path Group: **in2out_default**
  Path Type: max

  Point                                            Incr      Path  
  ------------------------------------------------------------------------
  clock VCLK (rise edge)                           0.00      0.00
  clock network delay (ideal)                      0.00      0.01
  input external delay                             0.50      0.51 r
  A[0] (in)                                        0.01      0.51 r
  U126/Y (NAND2X0_RVT)                             0.04      0.55 f
  ctmTdsLR_2_473/Y (OA21X1_RVT)                    0.05      0.61 f
  ctmTdsLR_4_515/Y (OA21X1_RVT)                    0.03      0.64 f
  ctmTdsLR_1_512/Y (NAND3X0_RVT)                   0.03      0.67 r
  intadd_6/U30/CO (FADDX1_RVT)                     0.05      0.72 r
  intadd_6/U29/CO (FADDX1_RVT)                     0.05      0.77 r
  intadd_6/U28/CO (FADDX1_RVT)                     0.06      0.83 r
  intadd_6/U27/CO (FADDX1_RVT)                     0.05      0.88 r
  intadd_6/U26/CO (FADDX1_RVT)                     0.05      0.94 r
  intadd_6/U25/CO (FADDX1_RVT)                     0.06      0.99 r
  ctmTdsLR_1_518/Y (AO21X1_RVT)                    0.05      1.04 r
  ctmTdsLR_6_523/Y (AO21X1_RVT)                    0.05      1.10 r
  ZBUF_39_inst_503/Y (NBUFFX2_RVT)                 0.03      1.13 r
  U83/Y (AO21X1_RVT)                               0.05      1.18 r
  intadd_6/U19/S (FADDX1_RVT)                      0.08      1.25 f
  Sum[14] (out)                                    0.00      1.25 f
  data arrival time                                          1.25

  clock VCLK (rise edge)                           2.00      2.00
  clock network delay (ideal)                      0.00      2.00
  clock uncertainty                               -0.15      1.85
  output external delay                           -0.50      1.35
  data required time                                         1.35
  ------------------------------------------------------------------------
  data required time                                         1.35
  data arrival time                                         -1.25
  ------------------------------------------------------------------------
  slack (MET)                                                0.10



  Startpoint: A[0] (input port clocked by VCLK)
  Endpoint: Sum[23] (output port clocked by VCLK)
  Mode: FUNC
  Corner: TT
  Scenario: SCEN_TT
  Path Group: **in2out_default**
  Path Type: max

  Point                                            Incr      Path  
  ------------------------------------------------------------------------
  clock VCLK (rise edge)                           0.00      0.00
  clock network delay (ideal)                      0.00      0.01
  input external delay                             0.50      0.51 r
  A[0] (in)                                        0.01      0.51 r
  U126/Y (NAND2X0_RVT)                             0.04      0.55 f
  ctmTdsLR_2_473/Y (OA21X1_RVT)                    0.05      0.61 f
  ctmTdsLR_4_515/Y (OA21X1_RVT)                    0.03      0.64 f
  ctmTdsLR_1_512/Y (NAND3X0_RVT)                   0.03      0.67 r
  intadd_6/U30/CO (FADDX1_RVT)                     0.05      0.72 r
  intadd_6/U29/CO (FADDX1_RVT)                     0.05      0.77 r
  intadd_6/U28/CO (FADDX1_RVT)                     0.06      0.83 r
  intadd_6/U27/CO (FADDX1_RVT)                     0.05      0.88 r
  intadd_6/U26/CO (FADDX1_RVT)                     0.05      0.94 r
  intadd_6/U25/CO (FADDX1_RVT)                     0.06      0.99 r
  ctmTdsLR_1_518/Y (AO21X1_RVT)                    0.05      1.04 r
  ctmTdsLR_6_523/Y (AO21X1_RVT)                    0.05      1.10 r
  ctmTdsLR_1_96/Y (AO21X1_RVT)                     0.06      1.16 r
  ctmTdsLR_1_13/Y (AO21X1_RVT)                     0.05      1.20 r
  ctmTdsLR_1_357/Y (XOR3X1_RVT)                    0.04      1.25 f
  Sum[23] (out)                                    0.00      1.25 f
  data arrival time                                          1.25

  clock VCLK (rise edge)                           2.00      2.00
  clock network delay (ideal)                      0.00      2.00
  clock uncertainty                               -0.15      1.85
  output external delay                           -0.50      1.35
  data required time                                         1.35
  ------------------------------------------------------------------------
  data required time                                         1.35
  data arrival time                                         -1.25
  ------------------------------------------------------------------------
  slack (MET)                                                0.10



  Startpoint: A[0] (input port clocked by VCLK)
  Endpoint: Sum[25] (output port clocked by VCLK)
  Mode: FUNC
  Corner: TT
  Scenario: SCEN_TT
  Path Group: **in2out_default**
  Path Type: max

  Point                                            Incr      Path  
  ------------------------------------------------------------------------
  clock VCLK (rise edge)                           0.00      0.00
  clock network delay (ideal)                      0.00      0.01
  input external delay                             0.50      0.51 r
  A[0] (in)                                        0.01      0.51 r
  U126/Y (NAND2X0_RVT)                             0.04      0.55 f
  ctmTdsLR_2_473/Y (OA21X1_RVT)                    0.05      0.61 f
  ctmTdsLR_4_515/Y (OA21X1_RVT)                    0.03      0.64 f
  ctmTdsLR_1_512/Y (NAND3X0_RVT)                   0.03      0.67 r
  intadd_6/U30/CO (FADDX1_RVT)                     0.05      0.72 r
  intadd_6/U29/CO (FADDX1_RVT)                     0.05      0.77 r
  intadd_6/U28/CO (FADDX1_RVT)                     0.06      0.83 r
  intadd_6/U27/CO (FADDX1_RVT)                     0.05      0.88 r
  intadd_6/U26/CO (FADDX1_RVT)                     0.05      0.94 r
  intadd_6/U25/CO (FADDX1_RVT)                     0.06      0.99 r
  ctmTdsLR_1_518/Y (AO21X1_RVT)                    0.05      1.04 r
  ctmTdsLR_6_523/Y (AO21X1_RVT)                    0.05      1.10 r
  ctmTdsLR_1_96/Y (AO21X1_RVT)                     0.06      1.16 r
  ctmTdsLR_1_115/Y (AO21X1_RVT)                    0.05      1.21 r
  ctmTdsLR_2_359/Y (MUX41X1_RVT)                   0.04      1.24 f
  Sum[25] (out)                                    0.00      1.24 f
  data arrival time                                          1.24

  clock VCLK (rise edge)                           2.00      2.00
  clock network delay (ideal)                      0.00      2.00
  clock uncertainty                               -0.15      1.85
  output external delay                           -0.50      1.35
  data required time                                         1.35
  ------------------------------------------------------------------------
  data required time                                         1.35
  data arrival time                                         -1.24
  ------------------------------------------------------------------------
  slack (MET)                                                0.11



  Startpoint: A[0] (input port clocked by VCLK)
  Endpoint: Sum[21] (output port clocked by VCLK)
  Mode: FUNC
  Corner: TT
  Scenario: SCEN_TT
  Path Group: **in2out_default**
  Path Type: max

  Point                                            Incr      Path  
  ------------------------------------------------------------------------
  clock VCLK (rise edge)                           0.00      0.00
  clock network delay (ideal)                      0.00      0.01
  input external delay                             0.50      0.51 r
  A[0] (in)                                        0.01      0.51 r
  U126/Y (NAND2X0_RVT)                             0.04      0.55 f
  ctmTdsLR_2_473/Y (OA21X1_RVT)                    0.05      0.61 f
  ctmTdsLR_4_515/Y (OA21X1_RVT)                    0.03      0.64 f
  ctmTdsLR_1_512/Y (NAND3X0_RVT)                   0.03      0.67 r
  intadd_6/U30/CO (FADDX1_RVT)                     0.05      0.72 r
  intadd_6/U29/CO (FADDX1_RVT)                     0.05      0.77 r
  intadd_6/U28/CO (FADDX1_RVT)                     0.06      0.83 r
  intadd_6/U27/CO (FADDX1_RVT)                     0.05      0.88 r
  intadd_6/U26/CO (FADDX1_RVT)                     0.05      0.94 r
  intadd_6/U25/CO (FADDX1_RVT)                     0.06      0.99 r
  ctmTdsLR_1_518/Y (AO21X1_RVT)                    0.05      1.04 r
  ctmTdsLR_6_523/Y (AO21X1_RVT)                    0.05      1.10 r
  ctmTdsLR_5_511/Y (AO21X1_RVT)                    0.05      1.15 r
  ctmTdsLR_1_107/Y (AO21X1_RVT)                    0.06      1.20 r
  ctmTdsLR_1_143/Y (XOR3X1_RVT)                    0.04      1.24 f
  Sum[21] (out)                                    0.00      1.24 f
  data arrival time                                          1.24

  clock VCLK (rise edge)                           2.00      2.00
  clock network delay (ideal)                      0.00      2.00
  clock uncertainty                               -0.15      1.85
  output external delay                           -0.50      1.35
  data required time                                         1.35
  ------------------------------------------------------------------------
  data required time                                         1.35
  data arrival time                                         -1.24
  ------------------------------------------------------------------------
  slack (MET)                                                0.11



  Startpoint: A[0] (input port clocked by VCLK)
  Endpoint: Sum[20] (output port clocked by VCLK)
  Mode: FUNC
  Corner: TT
  Scenario: SCEN_TT
  Path Group: **in2out_default**
  Path Type: max

  Point                                            Incr      Path  
  ------------------------------------------------------------------------
  clock VCLK (rise edge)                           0.00      0.00
  clock network delay (ideal)                      0.00      0.01
  input external delay                             0.50      0.51 r
  A[0] (in)                                        0.01      0.51 r
  U126/Y (NAND2X0_RVT)                             0.04      0.55 f
  ctmTdsLR_2_473/Y (OA21X1_RVT)                    0.05      0.61 f
  ctmTdsLR_4_515/Y (OA21X1_RVT)                    0.03      0.64 f
  ctmTdsLR_1_512/Y (NAND3X0_RVT)                   0.03      0.67 r
  intadd_6/U30/CO (FADDX1_RVT)                     0.05      0.72 r
  intadd_6/U29/CO (FADDX1_RVT)                     0.05      0.77 r
  intadd_6/U28/CO (FADDX1_RVT)                     0.06      0.83 r
  intadd_6/U27/CO (FADDX1_RVT)                     0.05      0.88 r
  intadd_6/U26/CO (FADDX1_RVT)                     0.05      0.94 r
  intadd_6/U25/CO (FADDX1_RVT)                     0.06      0.99 r
  ctmTdsLR_1_518/Y (AO21X1_RVT)                    0.05      1.04 r
  ctmTdsLR_6_523/Y (AO21X1_RVT)                    0.05      1.10 r
  ctmTdsLR_1_570/Y (AO221X1_RVT)                   0.07      1.16 r
  ctmTdsLR_1_197/Y (AO22X1_RVT)                    0.04      1.20 r
  ctmTdsLR_4_20/Y (XOR3X1_RVT)                     0.04      1.24 f
  Sum[20] (out)                                    0.00      1.24 f
  data arrival time                                          1.24

  clock VCLK (rise edge)                           2.00      2.00
  clock network delay (ideal)                      0.00      2.00
  clock uncertainty                               -0.15      1.85
  output external delay                           -0.50      1.35
  data required time                                         1.35
  ------------------------------------------------------------------------
  data required time                                         1.35
  data arrival time                                         -1.24
  ------------------------------------------------------------------------
  slack (MET)                                                0.11



  Startpoint: A[0] (input port clocked by VCLK)
  Endpoint: Sum[16] (output port clocked by VCLK)
  Mode: FUNC
  Corner: TT
  Scenario: SCEN_TT
  Path Group: **in2out_default**
  Path Type: max

  Point                                            Incr      Path  
  ------------------------------------------------------------------------
  clock VCLK (rise edge)                           0.00      0.00
  clock network delay (ideal)                      0.00      0.01
  input external delay                             0.50      0.51 r
  A[0] (in)                                        0.01      0.51 r
  U126/Y (NAND2X0_RVT)                             0.04      0.55 f
  ctmTdsLR_2_473/Y (OA21X1_RVT)                    0.05      0.61 f
  ctmTdsLR_4_515/Y (OA21X1_RVT)                    0.03      0.64 f
  ctmTdsLR_1_512/Y (NAND3X0_RVT)                   0.03      0.67 r
  intadd_6/U30/CO (FADDX1_RVT)                     0.05      0.72 r
  intadd_6/U29/CO (FADDX1_RVT)                     0.05      0.77 r
  intadd_6/U28/CO (FADDX1_RVT)                     0.06      0.83 r
  intadd_6/U27/CO (FADDX1_RVT)                     0.05      0.88 r
  intadd_6/U26/CO (FADDX1_RVT)                     0.05      0.94 r
  intadd_6/U25/CO (FADDX1_RVT)                     0.06      0.99 r
  ctmTdsLR_1_518/Y (AO21X1_RVT)                    0.05      1.04 r
  ctmTdsLR_6_523/Y (AO21X1_RVT)                    0.05      1.10 r
  ctmTdsLR_5_511/Y (AO21X1_RVT)                    0.05      1.15 r
  ZBUF_17_inst_3/Y (NBUFFX2_RVT)                   0.03      1.18 r
  ctmTdsLR_7_70/Y (OR3X1_RVT)                      0.03      1.22 r
  ctmTdsLR_1_64/Y (NAND3X0_RVT)                    0.03      1.24 f
  Sum[16] (out)                                    0.00      1.24 f
  data arrival time                                          1.24

  clock VCLK (rise edge)                           2.00      2.00
  clock network delay (ideal)                      0.00      2.00
  clock uncertainty                               -0.15      1.85
  output external delay                           -0.50      1.35
  data required time                                         1.35
  ------------------------------------------------------------------------
  data required time                                         1.35
  data arrival time                                         -1.24
  ------------------------------------------------------------------------
  slack (MET)                                                0.11



  Startpoint: A[0] (input port clocked by VCLK)
  Endpoint: Sum[17] (output port clocked by VCLK)
  Mode: FUNC
  Corner: TT
  Scenario: SCEN_TT
  Path Group: **in2out_default**
  Path Type: max

  Point                                            Incr      Path  
  ------------------------------------------------------------------------
  clock VCLK (rise edge)                           0.00      0.00
  clock network delay (ideal)                      0.00      0.01
  input external delay                             0.50      0.51 r
  A[0] (in)                                        0.01      0.51 r
  U126/Y (NAND2X0_RVT)                             0.04      0.55 f
  ctmTdsLR_2_473/Y (OA21X1_RVT)                    0.05      0.61 f
  ctmTdsLR_4_515/Y (OA21X1_RVT)                    0.03      0.64 f
  ctmTdsLR_1_512/Y (NAND3X0_RVT)                   0.03      0.67 r
  intadd_6/U30/CO (FADDX1_RVT)                     0.05      0.72 r
  intadd_6/U29/CO (FADDX1_RVT)                     0.05      0.77 r
  intadd_6/U28/CO (FADDX1_RVT)                     0.06      0.83 r
  intadd_6/U27/CO (FADDX1_RVT)                     0.05      0.88 r
  intadd_6/U26/CO (FADDX1_RVT)                     0.05      0.94 r
  intadd_6/U25/CO (FADDX1_RVT)                     0.06      0.99 r
  ctmTdsLR_1_518/Y (AO21X1_RVT)                    0.05      1.04 r
  ctmTdsLR_6_523/Y (AO21X1_RVT)                    0.05      1.10 r
  ctmTdsLR_5_511/Y (AO21X1_RVT)                    0.05      1.15 r
  ctmTdsLR_1_121/Y (AO21X1_RVT)                    0.05      1.20 r
  ctmTdsLR_2_361/Y (MUX41X1_RVT)                   0.03      1.23 f
  Sum[17] (out)                                    0.00      1.23 f
  data arrival time                                          1.23

  clock VCLK (rise edge)                           2.00      2.00
  clock network delay (ideal)                      0.00      2.00
  clock uncertainty                               -0.15      1.85
  output external delay                           -0.50      1.35
  data required time                                         1.35
  ------------------------------------------------------------------------
  data required time                                         1.35
  data arrival time                                         -1.23
  ------------------------------------------------------------------------
  slack (MET)                                                0.12



  Startpoint: A[0] (input port clocked by VCLK)
  Endpoint: Sum[13] (output port clocked by VCLK)
  Mode: FUNC
  Corner: TT
  Scenario: SCEN_TT
  Path Group: **in2out_default**
  Path Type: max

  Point                                            Incr      Path  
  ------------------------------------------------------------------------
  clock VCLK (rise edge)                           0.00      0.00
  clock network delay (ideal)                      0.00      0.01
  input external delay                             0.50      0.51 r
  A[0] (in)                                        0.01      0.51 r
  U126/Y (NAND2X0_RVT)                             0.04      0.55 f
  ctmTdsLR_2_473/Y (OA21X1_RVT)                    0.05      0.61 f
  ctmTdsLR_4_515/Y (OA21X1_RVT)                    0.03      0.64 f
  ctmTdsLR_1_512/Y (NAND3X0_RVT)                   0.03      0.67 r
  intadd_6/U30/CO (FADDX1_RVT)                     0.05      0.72 r
  intadd_6/U29/CO (FADDX1_RVT)                     0.05      0.77 r
  intadd_6/U28/CO (FADDX1_RVT)                     0.06      0.83 r
  intadd_6/U27/CO (FADDX1_RVT)                     0.05      0.88 r
  intadd_6/U26/CO (FADDX1_RVT)                     0.05      0.94 r
  intadd_6/U25/CO (FADDX1_RVT)                     0.06      0.99 r
  ctmTdsLR_1_518/Y (AO21X1_RVT)                    0.05      1.04 r
  ctmTdsLR_6_523/Y (AO21X1_RVT)                    0.05      1.10 r
  ZBUF_39_inst_503/Y (NBUFFX2_RVT)                 0.03      1.13 r
  ctmTdsLR_1_353/Y (AOI21X1_RVT)                   0.05      1.18 f
  ctmTdsLR_2_354/Y (XNOR3X1_RVT)                   0.04      1.22 r
  Sum[13] (out)                                    0.00      1.22 r
  data arrival time                                          1.22

  clock VCLK (rise edge)                           2.00      2.00
  clock network delay (ideal)                      0.00      2.00
  clock uncertainty                               -0.15      1.85
  output external delay                           -0.50      1.35
  data required time                                         1.35
  ------------------------------------------------------------------------
  data required time                                         1.35
  data arrival time                                         -1.22
  ------------------------------------------------------------------------
  slack (MET)                                                0.13



  Startpoint: A[0] (input port clocked by VCLK)
  Endpoint: Sum[12] (output port clocked by VCLK)
  Mode: FUNC
  Corner: TT
  Scenario: SCEN_TT
  Path Group: **in2out_default**
  Path Type: max

  Point                                            Incr      Path  
  ------------------------------------------------------------------------
  clock VCLK (rise edge)                           0.00      0.00
  clock network delay (ideal)                      0.00      0.01
  input external delay                             0.50      0.51 r
  A[0] (in)                                        0.01      0.51 r
  U126/Y (NAND2X0_RVT)                             0.04      0.55 f
  ctmTdsLR_2_473/Y (OA21X1_RVT)                    0.05      0.61 f
  ctmTdsLR_4_515/Y (OA21X1_RVT)                    0.03      0.64 f
  ctmTdsLR_1_512/Y (NAND3X0_RVT)                   0.03      0.67 r
  intadd_6/U30/CO (FADDX1_RVT)                     0.05      0.72 r
  intadd_6/U29/CO (FADDX1_RVT)                     0.05      0.77 r
  intadd_6/U28/CO (FADDX1_RVT)                     0.06      0.83 r
  intadd_6/U27/CO (FADDX1_RVT)                     0.05      0.88 r
  intadd_6/U26/CO (FADDX1_RVT)                     0.05      0.94 r
  intadd_6/U25/CO (FADDX1_RVT)                     0.06      0.99 r
  ctmTdsLR_1_518/Y (AO21X1_RVT)                    0.05      1.04 r
  ctmTdsLR_6_523/Y (AO21X1_RVT)                    0.05      1.10 r
  ZBUF_39_inst_503/Y (NBUFFX2_RVT)                 0.03      1.13 r
  U70/Y (AOI21X1_RVT)                              0.05      1.18 f
  ctmTdsLR_1_351/Y (XNOR3X1_RVT)                   0.04      1.22 r
  Sum[12] (out)                                    0.00      1.22 r
  data arrival time                                          1.22

  clock VCLK (rise edge)                           2.00      2.00
  clock network delay (ideal)                      0.00      2.00
  clock uncertainty                               -0.15      1.85
  output external delay                           -0.50      1.35
  data required time                                         1.35
  ------------------------------------------------------------------------
  data required time                                         1.35
  data arrival time                                         -1.22
  ------------------------------------------------------------------------
  slack (MET)                                                0.13



  Startpoint: A[0] (input port clocked by VCLK)
  Endpoint: Sum[15] (output port clocked by VCLK)
  Mode: FUNC
  Corner: TT
  Scenario: SCEN_TT
  Path Group: **in2out_default**
  Path Type: max

  Point                                            Incr      Path  
  ------------------------------------------------------------------------
  clock VCLK (rise edge)                           0.00      0.00
  clock network delay (ideal)                      0.00      0.01
  input external delay                             0.50      0.51 r
  A[0] (in)                                        0.01      0.51 r
  U126/Y (NAND2X0_RVT)                             0.04      0.55 f
  ctmTdsLR_2_473/Y (OA21X1_RVT)                    0.05      0.61 f
  ctmTdsLR_4_515/Y (OA21X1_RVT)                    0.03      0.64 f
  ctmTdsLR_1_512/Y (NAND3X0_RVT)                   0.03      0.67 r
  intadd_6/U30/CO (FADDX1_RVT)                     0.05      0.72 r
  intadd_6/U29/CO (FADDX1_RVT)                     0.05      0.77 r
  intadd_6/U28/CO (FADDX1_RVT)                     0.06      0.83 r
  intadd_6/U27/CO (FADDX1_RVT)                     0.05      0.88 r
  intadd_6/U26/CO (FADDX1_RVT)                     0.05      0.94 r
  intadd_6/U25/CO (FADDX1_RVT)                     0.06      0.99 r
  ctmTdsLR_1_518/Y (AO21X1_RVT)                    0.05      1.04 r
  ctmTdsLR_6_523/Y (AO21X1_RVT)                    0.05      1.10 r
  ctmTdsLR_5_511/Y (AO21X1_RVT)                    0.05      1.15 r
  ZBUF_17_inst_3/Y (NBUFFX2_RVT)                   0.03      1.18 r
  ctmTdsLR_1_355/Y (XOR3X1_RVT)                    0.03      1.21 f
  Sum[15] (out)                                    0.00      1.21 f
  data arrival time                                          1.21

  clock VCLK (rise edge)                           2.00      2.00
  clock network delay (ideal)                      0.00      2.00
  clock uncertainty                               -0.15      1.85
  output external delay                           -0.50      1.35
  data required time                                         1.35
  ------------------------------------------------------------------------
  data required time                                         1.35
  data arrival time                                         -1.21
  ------------------------------------------------------------------------
  slack (MET)                                                0.14



  Startpoint: A[0] (input port clocked by VCLK)
  Endpoint: Sum[19] (output port clocked by VCLK)
  Mode: FUNC
  Corner: TT
  Scenario: SCEN_TT
  Path Group: **in2out_default**
  Path Type: max

  Point                                            Incr      Path  
  ------------------------------------------------------------------------
  clock VCLK (rise edge)                           0.00      0.00
  clock network delay (ideal)                      0.00      0.01
  input external delay                             0.50      0.51 r
  A[0] (in)                                        0.01      0.51 r
  U126/Y (NAND2X0_RVT)                             0.04      0.55 f
  ctmTdsLR_2_473/Y (OA21X1_RVT)                    0.05      0.61 f
  ctmTdsLR_4_515/Y (OA21X1_RVT)                    0.03      0.64 f
  ctmTdsLR_1_512/Y (NAND3X0_RVT)                   0.03      0.67 r
  intadd_6/U30/CO (FADDX1_RVT)                     0.05      0.72 r
  intadd_6/U29/CO (FADDX1_RVT)                     0.05      0.77 r
  intadd_6/U28/CO (FADDX1_RVT)                     0.06      0.83 r
  intadd_6/U27/CO (FADDX1_RVT)                     0.05      0.88 r
  intadd_6/U26/CO (FADDX1_RVT)                     0.05      0.94 r
  intadd_6/U25/CO (FADDX1_RVT)                     0.06      0.99 r
  ctmTdsLR_1_518/Y (AO21X1_RVT)                    0.05      1.04 r
  ctmTdsLR_6_523/Y (AO21X1_RVT)                    0.05      1.10 r
  ctmTdsLR_1_570/Y (AO221X1_RVT)                   0.07      1.16 r
  ctmTdsLR_2_375/Y (MUX41X1_RVT)                   0.04      1.21 f
  Sum[19] (out)                                    0.00      1.21 f
  data arrival time                                          1.21

  clock VCLK (rise edge)                           2.00      2.00
  clock network delay (ideal)                      0.00      2.00
  clock uncertainty                               -0.15      1.85
  output external delay                           -0.50      1.35
  data required time                                         1.35
  ------------------------------------------------------------------------
  data required time                                         1.35
  data arrival time                                         -1.21
  ------------------------------------------------------------------------
  slack (MET)                                                0.14



  Startpoint: A[0] (input port clocked by VCLK)
  Endpoint: Sum[22] (output port clocked by VCLK)
  Mode: FUNC
  Corner: TT
  Scenario: SCEN_TT
  Path Group: **in2out_default**
  Path Type: max

  Point                                            Incr      Path  
  ------------------------------------------------------------------------
  clock VCLK (rise edge)                           0.00      0.00
  clock network delay (ideal)                      0.00      0.01
  input external delay                             0.50      0.51 r
  A[0] (in)                                        0.01      0.51 r
  U126/Y (NAND2X0_RVT)                             0.04      0.55 f
  ctmTdsLR_2_473/Y (OA21X1_RVT)                    0.05      0.61 f
  ctmTdsLR_4_515/Y (OA21X1_RVT)                    0.03      0.64 f
  ctmTdsLR_1_512/Y (NAND3X0_RVT)                   0.03      0.67 r
  intadd_6/U30/CO (FADDX1_RVT)                     0.05      0.72 r
  intadd_6/U29/CO (FADDX1_RVT)                     0.05      0.77 r
  intadd_6/U28/CO (FADDX1_RVT)                     0.06      0.83 r
  intadd_6/U27/CO (FADDX1_RVT)                     0.05      0.88 r
  intadd_6/U26/CO (FADDX1_RVT)                     0.05      0.94 r
  intadd_6/U25/CO (FADDX1_RVT)                     0.06      0.99 r
  ctmTdsLR_1_518/Y (AO21X1_RVT)                    0.05      1.04 r
  ctmTdsLR_6_523/Y (AO21X1_RVT)                    0.05      1.10 r
  ctmTdsLR_1_96/Y (AO21X1_RVT)                     0.06      1.16 r
  ctmTdsLR_4_16/Y (XOR3X1_RVT)                     0.04      1.20 f
  Sum[22] (out)                                    0.00      1.20 f
  data arrival time                                          1.20

  clock VCLK (rise edge)                           2.00      2.00
  clock network delay (ideal)                      0.00      2.00
  clock uncertainty                               -0.15      1.85
  output external delay                           -0.50      1.35
  data required time                                         1.35
  ------------------------------------------------------------------------
  data required time                                         1.35
  data arrival time                                         -1.20
  ------------------------------------------------------------------------
  slack (MET)                                                0.15



  Startpoint: A[0] (input port clocked by VCLK)
  Endpoint: Sum[11] (output port clocked by VCLK)
  Mode: FUNC
  Corner: TT
  Scenario: SCEN_TT
  Path Group: **in2out_default**
  Path Type: max

  Point                                            Incr      Path  
  ------------------------------------------------------------------------
  clock VCLK (rise edge)                           0.00      0.00
  clock network delay (ideal)                      0.00      0.01
  input external delay                             0.50      0.51 r
  A[0] (in)                                        0.01      0.51 r
  U126/Y (NAND2X0_RVT)                             0.04      0.55 f
  ctmTdsLR_2_473/Y (OA21X1_RVT)                    0.05      0.61 f
  ctmTdsLR_4_515/Y (OA21X1_RVT)                    0.03      0.64 f
  ctmTdsLR_1_512/Y (NAND3X0_RVT)                   0.03      0.67 r
  intadd_6/U30/CO (FADDX1_RVT)                     0.05      0.72 r
  intadd_6/U29/CO (FADDX1_RVT)                     0.05      0.77 r
  intadd_6/U28/CO (FADDX1_RVT)                     0.06      0.83 r
  intadd_6/U27/CO (FADDX1_RVT)                     0.05      0.88 r
  intadd_6/U26/CO (FADDX1_RVT)                     0.05      0.94 r
  intadd_6/U25/CO (FADDX1_RVT)                     0.06      0.99 r
  ctmTdsLR_1_518/Y (AO21X1_RVT)                    0.05      1.04 r
  ctmTdsLR_6_523/Y (AO21X1_RVT)                    0.05      1.10 r
  ZBUF_39_inst_503/Y (NBUFFX2_RVT)                 0.03      1.13 r
  ctmTdsLR_1_344/Y (XOR3X1_RVT)                    0.03      1.16 f
  Sum[11] (out)                                    0.00      1.16 f
  data arrival time                                          1.16

  clock VCLK (rise edge)                           2.00      2.00
  clock network delay (ideal)                      0.00      2.00
  clock uncertainty                               -0.15      1.85
  output external delay                           -0.50      1.35
  data required time                                         1.35
  ------------------------------------------------------------------------
  data required time                                         1.35
  data arrival time                                         -1.16
  ------------------------------------------------------------------------
  slack (MET)                                                0.19



  Startpoint: A[0] (input port clocked by VCLK)
  Endpoint: Sum[10] (output port clocked by VCLK)
  Mode: FUNC
  Corner: TT
  Scenario: SCEN_TT
  Path Group: **in2out_default**
  Path Type: max

  Point                                            Incr      Path  
  ------------------------------------------------------------------------
  clock VCLK (rise edge)                           0.00      0.00
  clock network delay (ideal)                      0.00      0.01
  input external delay                             0.50      0.51 r
  A[0] (in)                                        0.01      0.51 r
  U126/Y (NAND2X0_RVT)                             0.04      0.55 f
  ctmTdsLR_2_473/Y (OA21X1_RVT)                    0.05      0.61 f
  ctmTdsLR_4_515/Y (OA21X1_RVT)                    0.03      0.64 f
  ctmTdsLR_1_512/Y (NAND3X0_RVT)                   0.03      0.67 r
  intadd_6/U30/CO (FADDX1_RVT)                     0.05      0.72 r
  intadd_6/U29/CO (FADDX1_RVT)                     0.05      0.77 r
  intadd_6/U28/CO (FADDX1_RVT)                     0.06      0.83 r
  intadd_6/U27/CO (FADDX1_RVT)                     0.05      0.88 r
  intadd_6/U26/CO (FADDX1_RVT)                     0.05      0.94 r
  intadd_6/U25/CO (FADDX1_RVT)                     0.06      0.99 r
  ctmTdsLR_1_518/Y (AO21X1_RVT)                    0.05      1.04 r
  ctmTdsLR_4_510/Y (XOR3X2_RVT)                    0.04      1.08 f
  Sum[10] (out)                                    0.00      1.08 f
  data arrival time                                          1.08

  clock VCLK (rise edge)                           2.00      2.00
  clock network delay (ideal)                      0.00      2.00
  clock uncertainty                               -0.15      1.85
  output external delay                           -0.50      1.35
  data required time                                         1.35
  ------------------------------------------------------------------------
  data required time                                         1.35
  data arrival time                                         -1.08
  ------------------------------------------------------------------------
  slack (MET)                                                0.27



  Startpoint: A[0] (input port clocked by VCLK)
  Endpoint: Sum[9] (output port clocked by VCLK)
  Mode: FUNC
  Corner: TT
  Scenario: SCEN_TT
  Path Group: **in2out_default**
  Path Type: max

  Point                                            Incr      Path  
  ------------------------------------------------------------------------
  clock VCLK (rise edge)                           0.00      0.00
  clock network delay (ideal)                      0.00      0.01
  input external delay                             0.50      0.51 r
  A[0] (in)                                        0.01      0.51 r
  U126/Y (NAND2X0_RVT)                             0.04      0.55 f
  ctmTdsLR_2_473/Y (OA21X1_RVT)                    0.05      0.61 f
  ctmTdsLR_4_515/Y (OA21X1_RVT)                    0.03      0.64 f
  ctmTdsLR_1_512/Y (NAND3X0_RVT)                   0.03      0.67 r
  intadd_6/U30/CO (FADDX1_RVT)                     0.05      0.72 r
  intadd_6/U29/CO (FADDX1_RVT)                     0.05      0.77 r
  intadd_6/U28/CO (FADDX1_RVT)                     0.06      0.83 r
  intadd_6/U27/CO (FADDX1_RVT)                     0.05      0.88 r
  intadd_6/U26/CO (FADDX1_RVT)                     0.05      0.94 r
  intadd_6/U25/CO (FADDX1_RVT)                     0.06      0.99 r
  ctmTdsLR_4_521/Y (XNOR3X1_RVT)                   0.05      1.05 r
  Sum[9] (out)                                     0.00      1.05 r
  data arrival time                                          1.05

  clock VCLK (rise edge)                           2.00      2.00
  clock network delay (ideal)                      0.00      2.00
  clock uncertainty                               -0.15      1.85
  output external delay                           -0.50      1.35
  data required time                                         1.35
  ------------------------------------------------------------------------
  data required time                                         1.35
  data arrival time                                         -1.05
  ------------------------------------------------------------------------
  slack (MET)                                                0.30



  Startpoint: A[0] (input port clocked by VCLK)
  Endpoint: Sum[8] (output port clocked by VCLK)
  Mode: FUNC
  Corner: TT
  Scenario: SCEN_TT
  Path Group: **in2out_default**
  Path Type: max

  Point                                            Incr      Path  
  ------------------------------------------------------------------------
  clock VCLK (rise edge)                           0.00      0.00
  clock network delay (ideal)                      0.00      0.01
  input external delay                             0.50      0.51 r
  A[0] (in)                                        0.01      0.51 r
  U126/Y (NAND2X0_RVT)                             0.04      0.55 f
  ctmTdsLR_2_473/Y (OA21X1_RVT)                    0.05      0.61 f
  ctmTdsLR_4_515/Y (OA21X1_RVT)                    0.03      0.64 f
  ctmTdsLR_1_512/Y (NAND3X0_RVT)                   0.03      0.67 r
  intadd_6/U30/CO (FADDX1_RVT)                     0.05      0.72 r
  intadd_6/U29/CO (FADDX1_RVT)                     0.05      0.77 r
  intadd_6/U28/CO (FADDX1_RVT)                     0.06      0.83 r
  intadd_6/U27/CO (FADDX1_RVT)                     0.05      0.88 r
  intadd_6/U26/CO (FADDX1_RVT)                     0.05      0.94 r
  intadd_6/U25/S (FADDX1_RVT)                      0.08      1.02 f
  Sum[8] (out)                                     0.00      1.02 f
  data arrival time                                          1.02

  clock VCLK (rise edge)                           2.00      2.00
  clock network delay (ideal)                      0.00      2.00
  clock uncertainty                               -0.15      1.85
  output external delay                           -0.50      1.35
  data required time                                         1.35
  ------------------------------------------------------------------------
  data required time                                         1.35
  data arrival time                                         -1.02
  ------------------------------------------------------------------------
  slack (MET)                                                0.33



  Startpoint: A[0] (input port clocked by VCLK)
  Endpoint: Sum[7] (output port clocked by VCLK)
  Mode: FUNC
  Corner: TT
  Scenario: SCEN_TT
  Path Group: **in2out_default**
  Path Type: max

  Point                                            Incr      Path  
  ------------------------------------------------------------------------
  clock VCLK (rise edge)                           0.00      0.00
  clock network delay (ideal)                      0.00      0.01
  input external delay                             0.50      0.51 r
  A[0] (in)                                        0.01      0.51 r
  U126/Y (NAND2X0_RVT)                             0.04      0.55 f
  ctmTdsLR_2_473/Y (OA21X1_RVT)                    0.05      0.61 f
  ctmTdsLR_4_515/Y (OA21X1_RVT)                    0.03      0.64 f
  ctmTdsLR_1_512/Y (NAND3X0_RVT)                   0.03      0.67 r
  intadd_6/U30/CO (FADDX1_RVT)                     0.05      0.72 r
  intadd_6/U29/CO (FADDX1_RVT)                     0.05      0.77 r
  intadd_6/U28/CO (FADDX1_RVT)                     0.06      0.83 r
  intadd_6/U27/CO (FADDX1_RVT)                     0.05      0.88 r
  intadd_6/U26/S (FADDX1_RVT)                      0.08      0.96 f
  Sum[7] (out)                                     0.00      0.96 f
  data arrival time                                          0.96

  clock VCLK (rise edge)                           2.00      2.00
  clock network delay (ideal)                      0.00      2.00
  clock uncertainty                               -0.15      1.85
  output external delay                           -0.50      1.35
  data required time                                         1.35
  ------------------------------------------------------------------------
  data required time                                         1.35
  data arrival time                                         -0.96
  ------------------------------------------------------------------------
  slack (MET)                                                0.39



  Startpoint: A[0] (input port clocked by VCLK)
  Endpoint: Sum[6] (output port clocked by VCLK)
  Mode: FUNC
  Corner: TT
  Scenario: SCEN_TT
  Path Group: **in2out_default**
  Path Type: max

  Point                                            Incr      Path  
  ------------------------------------------------------------------------
  clock VCLK (rise edge)                           0.00      0.00
  clock network delay (ideal)                      0.00      0.01
  input external delay                             0.50      0.51 r
  A[0] (in)                                        0.01      0.51 r
  U126/Y (NAND2X0_RVT)                             0.04      0.55 f
  ctmTdsLR_2_473/Y (OA21X1_RVT)                    0.05      0.61 f
  ctmTdsLR_4_515/Y (OA21X1_RVT)                    0.03      0.64 f
  ctmTdsLR_1_512/Y (NAND3X0_RVT)                   0.03      0.67 r
  intadd_6/U30/CO (FADDX1_RVT)                     0.05      0.72 r
  intadd_6/U29/CO (FADDX1_RVT)                     0.05      0.77 r
  intadd_6/U28/CO (FADDX1_RVT)                     0.06      0.83 r
  intadd_6/U27/S (FADDX1_RVT)                      0.09      0.91 f
  Sum[6] (out)                                     0.00      0.91 f
  data arrival time                                          0.91

  clock VCLK (rise edge)                           2.00      2.00
  clock network delay (ideal)                      0.00      2.00
  clock uncertainty                               -0.15      1.85
  output external delay                           -0.50      1.35
  data required time                                         1.35
  ------------------------------------------------------------------------
  data required time                                         1.35
  data arrival time                                         -0.91
  ------------------------------------------------------------------------
  slack (MET)                                                0.44



  Startpoint: B[0] (input port clocked by VCLK)
  Endpoint: Sum[5] (output port clocked by VCLK)
  Mode: FUNC
  Corner: TT
  Scenario: SCEN_TT
  Path Group: **in2out_default**
  Path Type: max

  Point                                            Incr      Path  
  ------------------------------------------------------------------------
  clock VCLK (rise edge)                           0.00      0.00
  clock network delay (ideal)                      0.00      0.03
  input external delay                             0.50      0.53 f
  B[0] (in)                                        0.03      0.53 f
  ctmTdsLR_1_43/Y (NAND2X0_RVT)                    0.05      0.58 r
  ctmTdsLR_6_477/Y (OR2X1_RVT)                     0.04      0.62 r
  ctmTdsLR_2_513/Y (OR2X1_RVT)                     0.03      0.65 r
  ctmTdsLR_1_512/Y (NAND3X0_RVT)                   0.04      0.69 f
  intadd_6/U30/CO (FADDX1_RVT)                     0.05      0.74 f
  intadd_6/U29/CO (FADDX1_RVT)                     0.04      0.78 f
  intadd_6/U28/S (FADDX1_RVT)                      0.08      0.86 r
  Sum[5] (out)                                     0.00      0.86 r
  data arrival time                                          0.86

  clock VCLK (rise edge)                           2.00      2.00
  clock network delay (ideal)                      0.00      2.00
  clock uncertainty                               -0.15      1.85
  output external delay                           -0.50      1.35
  data required time                                         1.35
  ------------------------------------------------------------------------
  data required time                                         1.35
  data arrival time                                         -0.86
  ------------------------------------------------------------------------
  slack (MET)                                                0.49



  Startpoint: B[0] (input port clocked by VCLK)
  Endpoint: Sum[4] (output port clocked by VCLK)
  Mode: FUNC
  Corner: TT
  Scenario: SCEN_TT
  Path Group: **in2out_default**
  Path Type: max

  Point                                            Incr      Path  
  ------------------------------------------------------------------------
  clock VCLK (rise edge)                           0.00      0.00
  clock network delay (ideal)                      0.00      0.03
  input external delay                             0.50      0.53 f
  B[0] (in)                                        0.03      0.53 f
  ctmTdsLR_1_43/Y (NAND2X0_RVT)                    0.05      0.58 r
  ctmTdsLR_6_477/Y (OR2X1_RVT)                     0.04      0.62 r
  ctmTdsLR_2_513/Y (OR2X1_RVT)                     0.03      0.65 r
  ctmTdsLR_1_512/Y (NAND3X0_RVT)                   0.04      0.69 f
  intadd_6/U30/CO (FADDX1_RVT)                     0.05      0.74 f
  intadd_6/U29/S (FADDX1_RVT)                      0.08      0.82 r
  Sum[4] (out)                                     0.00      0.82 r
  data arrival time                                          0.82

  clock VCLK (rise edge)                           2.00      2.00
  clock network delay (ideal)                      0.00      2.00
  clock uncertainty                               -0.15      1.85
  output external delay                           -0.50      1.35
  data required time                                         1.35
  ------------------------------------------------------------------------
  data required time                                         1.35
  data arrival time                                         -0.82
  ------------------------------------------------------------------------
  slack (MET)                                                0.53



  Startpoint: B[0] (input port clocked by VCLK)
  Endpoint: Sum[3] (output port clocked by VCLK)
  Mode: FUNC
  Corner: TT
  Scenario: SCEN_TT
  Path Group: **in2out_default**
  Path Type: max

  Point                                            Incr      Path  
  ------------------------------------------------------------------------
  clock VCLK (rise edge)                           0.00      0.00
  clock network delay (ideal)                      0.00      0.03
  input external delay                             0.50      0.53 f
  B[0] (in)                                        0.03      0.53 f
  ctmTdsLR_1_43/Y (NAND2X0_RVT)                    0.05      0.58 r
  ctmTdsLR_6_477/Y (OR2X1_RVT)                     0.04      0.62 r
  ctmTdsLR_2_513/Y (OR2X1_RVT)                     0.03      0.65 r
  ctmTdsLR_1_512/Y (NAND3X0_RVT)                   0.04      0.69 f
  intadd_6/U30/S (FADDX1_RVT)                      0.10      0.79 r
  ropt_h_inst_601/Y (NBUFFX2_RVT)                  0.03      0.82 r
  Sum[3] (out)                                     0.00      0.82 r
  data arrival time                                          0.82

  clock VCLK (rise edge)                           2.00      2.00
  clock network delay (ideal)                      0.00      2.00
  clock uncertainty                               -0.15      1.85
  output external delay                           -0.50      1.35
  data required time                                         1.35
  ------------------------------------------------------------------------
  data required time                                         1.35
  data arrival time                                         -0.82
  ------------------------------------------------------------------------
  slack (MET)                                                0.53



  Startpoint: B[0] (input port clocked by VCLK)
  Endpoint: Sum[0] (output port clocked by VCLK)
  Mode: FUNC
  Corner: TT
  Scenario: SCEN_TT
  Path Group: **in2out_default**
  Path Type: max

  Point                                            Incr      Path  
  ------------------------------------------------------------------------
  clock VCLK (rise edge)                           0.00      0.00
  clock network delay (ideal)                      0.00      0.03
  input external delay                             0.50      0.53 f
  B[0] (in)                                        0.03      0.53 f
  U156/Y (XOR3X1_RVT)                              0.10      0.63 f
  ropt_h_inst_573/Y (DELLN1X2_RVT)                 0.12      0.74 f
  Sum[0] (out)                                     0.00      0.74 f
  data arrival time                                          0.74

  clock VCLK (rise edge)                           2.00      2.00
  clock network delay (ideal)                      0.00      2.00
  clock uncertainty                               -0.15      1.85
  output external delay                           -0.50      1.35
  data required time                                         1.35
  ------------------------------------------------------------------------
  data required time                                         1.35
  data arrival time                                         -0.74
  ------------------------------------------------------------------------
  slack (MET)                                                0.61



  Startpoint: B[0] (input port clocked by VCLK)
  Endpoint: Sum[2] (output port clocked by VCLK)
  Mode: FUNC
  Corner: TT
  Scenario: SCEN_TT
  Path Group: **in2out_default**
  Path Type: max

  Point                                            Incr      Path  
  ------------------------------------------------------------------------
  clock VCLK (rise edge)                           0.00      0.00
  clock network delay (ideal)                      0.00      0.03
  input external delay                             0.50      0.53 f
  B[0] (in)                                        0.03      0.53 f
  ctmTdsLR_1_43/Y (NAND2X0_RVT)                    0.05      0.58 r
  ctmTdsLR_6_477/Y (OR2X1_RVT)                     0.04      0.62 r
  ctmTdsLR_1_472/Y (NAND3X0_RVT)                   0.03      0.65 f
  ctmTdsLR_7_420/Y (INVX0_RVT)                     0.03      0.68 r
  ctmTdsLR_6_419/Y (XNOR3X1_RVT)                   0.05      0.72 r
  Sum[2] (out)                                     0.00      0.72 r
  data arrival time                                          0.72

  clock VCLK (rise edge)                           2.00      2.00
  clock network delay (ideal)                      0.00      2.00
  clock uncertainty                               -0.15      1.85
  output external delay                           -0.50      1.35
  data required time                                         1.35
  ------------------------------------------------------------------------
  data required time                                         1.35
  data arrival time                                         -0.72
  ------------------------------------------------------------------------
  slack (MET)                                                0.63



  Startpoint: B[0] (input port clocked by VCLK)
  Endpoint: Sum[1] (output port clocked by VCLK)
  Mode: FUNC
  Corner: TT
  Scenario: SCEN_TT
  Path Group: **in2out_default**
  Path Type: max

  Point                                            Incr      Path  
  ------------------------------------------------------------------------
  clock VCLK (rise edge)                           0.00      0.00
  clock network delay (ideal)                      0.00      0.02
  input external delay                             0.50      0.52 r
  B[0] (in)                                        0.02      0.52 r
  ctmTdsLR_2_471/Y (NAND2X0_RVT)                   0.04      0.56 f
  ctmTdsLR_1_470/Y (NAND3X1_RVT)                   0.08      0.64 r
  ctmTdsLR_1_414/Y (XOR3X2_RVT)                    0.04      0.68 f
  Sum[1] (out)                                     0.00      0.68 f
  data arrival time                                          0.68

  clock VCLK (rise edge)                           2.00      2.00
  clock network delay (ideal)                      0.00      2.00
  clock uncertainty                               -0.15      1.85
  output external delay                           -0.50      1.35
  data required time                                         1.35
  ------------------------------------------------------------------------
  data required time                                         1.35
  data arrival time                                         -0.68
  ------------------------------------------------------------------------
  slack (MET)                                                0.67


1
