****************************************
Report : design
Design : rcla_32
Version: U-2022.12-SP3
Date   : Thu May 21 20:55:10 2026
****************************************

Total number of std cells in library : 286
Total number of dont_use lib cells   : 7
Total number of dont_touch lib cells : 7
Total number of buffers              : 11
Total number of inverters            : 15
Total number of flip-flops           : 106
Total number of latches              : 12
Total number of ICGs                 : 12

Cell Instance Type  Count         Area
--------------------------------------
TOTAL LEAF CELLS      244      622.907
unit                  244      622.907
Standard cells        244      622.907
unit                  244      622.907
Hard macro cells        0        0.000
unit                  244      622.907
Soft macro cells        0        0.000
unit                  244      622.907
Always on cells         0        0.000
unit                  244      622.907
Physical only           0        0.000
unit                  244      622.907
Fixed cells             0        0.000
unit                  244      622.907
Moveable cells        244      622.907
unit                  244      622.907
Sequential              0        0.000
unit                  244      622.907
Buffer/inverter        68      114.619
unit                  244      622.907
ICG cells               0        0.000
unit                  244      622.907

Logic Hierarchies                    : 0
Design Masters count                 : 29
Total Flat nets count                : 317
Total FloatingNets count             : 0
Total no of Ports                    : 100
Number of Master Clocks in design    : 1
Number of Generated Clocks in design : 0
Number of Path Groups in design      : 7 (1 of them Non Default)
Number of Scan Chains in design      : 0
List of Modes                        : FUNC
List of Corners                      : FF, TT, SS
List of Scenarios                    : SCEN_FF, SCEN_SS, SCEN_TT

Core Area                            : 640.443
Chip Area                            : 1246.603
Total Site Row Area                  : 640.443
Number of Blockages                  : 0
Total area of Blockages              : 0.000
Number of Power Domains              : 1
Number of Voltage Areas              : 1
Number of Group Bounds               : 0
Number of Exclusive MoveBounds       : 0
Number of Hard or Soft MoveBounds    : 0
Number of Multibit Registers         : 0
Number of Multibit LS/ISO Cells      : 0
Number of Top Level RP Groups        : 0
Number of Tech Layers                : 71 (61 of them have unknown routing dir.)

Total wire length                    : 3983.87 micron
Total number of wires                : 2085
Total number of contacts             : 1626
1
