****************************************
Report : net_fanout
        -threshold
Design : han_carlson_32
Version: U-2022.12-SP3
Date   : Tue Apr 21 18:17:09 2026
****************************************

NetName                Fanout Driver
-------                ------ ------
Sum[31]                     1 ctmTdsLR_1_103/Y
Sum[30]                     1 ctmTdsLR_1_108/Y
Sum[29]                     1 ctmTdsLR_1_46/Y
Sum[28]                     1 U62/Y
Sum[27]                     1 ctmTdsLR_1_113/Y
Sum[26]                     1 ctmTdsLR_1_21/Y
Sum[25]                     1 ctmTdsLR_1_107/Y
Sum[24]                     1 U266/S
Sum[23]                     1 U264/Y
Sum[22]                     1 U265/Y
Sum[21]                     1 U267/S
ropt_net_61                 1 ctmTdsLR_1_81/Y
ropt_net_62                 1 U189/Y
Sum[18]                     1 ctmTdsLR_3_116/Y
Sum[17]                     1 U196/Y
Sum[16]                     1 ctmTdsLR_3_119/Y
Sum[15]                     1 U200/Y
Sum[14]                     1 U212/Y
Sum[13]                     1 U214/Y
Sum[12]                     1 U220/Y
Sum[11]                     1 U222/Y
Sum[10]                     1 U231/Y
Sum[9]                      1 U233/Y
Sum[8]                      1 U237/Y
Sum[7]                      1 U240/Y
Sum[6]                      1 U244/Y
Sum[5]                      1 U247/Y
Sum[4]                      1 U252/Y
Sum[3]                      1 U254/Y
Sum[2]                      1 U259/Y
Sum[1]                      1 U262/Y
A[31]                       1 A[31]
A[30]                       3 A[30]
A[29]                       2 A[29]
A[28]                       3 A[28]
A[27]                       4 A[27]
A[26]                       3 A[26]
A[25]                       3 A[25]
A[24]                       1 A[24]
A[23]                       3 A[23]
A[22]                       3 A[22]
A[21]                       1 A[21]
A[20]                       3 A[20]
A[19]                       3 A[19]
A[18]                       2 A[18]
A[17]                       2 A[17]
A[16]                       2 A[16]
A[15]                       2 A[15]
A[14]                       2 A[14]
A[13]                       2 A[13]
A[12]                       2 A[12]
A[11]                       2 A[11]
A[10]                       2 A[10]
A[9]                        2 A[9]
A[8]                        2 A[8]
A[7]                        2 A[7]
A[6]                        2 A[6]
A[5]                        2 A[5]
A[4]                        2 A[4]
A[3]                        2 A[3]
A[2]                        2 A[2]
A[1]                        2 A[1]
A[0]                        2 A[0]
B[31]                       1 B[31]
B[30]                       3 B[30]
B[29]                       2 B[29]
B[28]                       3 B[28]
B[27]                       1 B[27]
B[26]                       3 B[26]
B[25]                       3 B[25]
B[24]                       1 B[24]
B[23]                       3 B[23]
B[22]                       3 B[22]
B[21]                       1 B[21]
B[20]                       3 B[20]
B[19]                       3 B[19]
B[18]                       2 B[18]
B[17]                       2 B[17]
B[16]                       2 B[16]
B[15]                       2 B[15]
B[14]                       2 B[14]
B[13]                       2 B[13]
B[12]                       2 B[12]
B[11]                       2 B[11]
B[10]                       2 B[10]
B[9]                        2 B[9]
B[8]                        2 B[8]
B[7]                        2 B[7]
B[6]                        2 B[6]
B[5]                        2 B[5]
B[4]                        2 B[4]
B[3]                        2 B[3]
B[2]                        2 B[2]
B[1]                        2 B[1]
B[0]                        2 B[0]
Cin                         2 Cin
ropt_net_63                 1 U187/Y
Cout                        1 ctmTdsLR_1_106/Y
n63                         1 ctmTdsLR_1_101/Y
ropt_net_59                 4 ropt_mt_inst_128/Y
n65                         3 ctmTdsLR_1_93/Y
n66                         2 U67/Y
ropt_net_60                 3 ropt_mt_inst_129/Y
Sum[20]                     1 ropt_h_inst_130/Y
Sum[19]                     1 ropt_h_inst_131/Y
Sum[0]                      1 ropt_h_inst_132/Y
ropt_net_64                 3 ropt_h_inst_133/Y
ropt_net_65                 1 ropt_h_inst_134/Y
ropt_net_66                 1 ropt_h_inst_135/Y
n74                         3 U74/Y
ropt_net_67                 1 ropt_h_inst_136/Y
n76                         3 U75/Y
n77                         2 U60/Y
ropt_net_68                 1 ropt_h_inst_137/Y
ropt_net_71                 1 ropt_h_inst_140/Y
n81                         1 ctmTdsLR_1_96/Y
n84                         1 U58/Y
n85                         1 U84/Y
n86                         1 U51/Y
n87                         1 U85/Y
n88                         2 U36/Y
n90                         1 U88/Y
n92                         1 U82/Y
n93                         2 ctmTdsLR_1_124/Y
n94                         2 U40/Y
n95                         3 U87/Y
n96                         2 ctmTdsLR_1_83/Y
n99                         2 U94/Y
n100                        1 U52/Y
n102                        2 U95/Y
n103                        3 U63/Y
n104                        2 U97/Y
n105                        2 U47/Y
n106                        2 U98/Y
n107                        2 U124/Y
n108                        2 U121/Y
n109                        1 U130/Y
n110                        2 U116/Y
n111                        2 U117/Y
n112                        1 U151/Y
n113                        2 U143/Y
n114                        1 U158/Y
n115                        2 U136/Y
n116                        1 U159/Y
n117                        2 U137/Y
n118                        2 U160/Y
n119                        2 U145/Y
n122                        2 ctmTdsLR_2_98/Y
n123                        2 ctmTdsLR_1_8/Y
n124                        2 U110/Y
n125                        1 U169/Y
n130                        1 U173/Y
n131                        1 U102/Y
n132                        3 U176/Y
n133                        6 U266/CO
n134                        2 U177/Y
n135                        3 U179/Y
n136                        2 U73/Y
n137                        3 U181/Y
n138                        2 U182/Y
n141                        3 ctmTdsLR_1_102/Y
n143                        1 ctmTdsLR_1_9/Y
n144                        3 ctmTdsLR_1_33/Y
n145                        2 U118/Y
n146                        1 U186/Y
n148                        1 ctmTdsLR_1_125/Y
n149                        2 U166/Y
n150                        2 U108/Y
n151                        2 U167/Y
n152                        3 U109/Y
n153                        2 U190/Y
n155                        2 U107/Y
n156                        2 ctmTdsLR_2_90/Y
n159                        3 U104/Y
n160                        2 U165/Y
n161                        1 U194/Y
n162                        1 U195/Y
n163                        1 ctmTdsLR_2_110/Y
n164                        2 U49/Y
n165                        2 U163/Y
n166                        3 U106/Y
n167                        2 U197/Y
n169                        2 U162/Y
n170                        3 U105/Y
n171                        1 U199/Y
n172                        4 U161/Y
n173                        2 U133/Y
n174                        3 U78/Y
n175                        2 U152/Y
n176                        2 U144/Y
n177                        2 U155/Y
n180                        2 U135/Y
n182                        3 U134/Y
n183                        2 U157/Y
n184                        1 U210/Y
n185                        1 U211/Y
n186                        1 ctmTdsLR_2_80/Y
n187                        3 U156/Y
n188                        2 U207/Y
n189                        1 U213/Y
n190                        2 ctmTdsLR_2_127/Y
n191                        2 U132/Y
n193                        2 U203/Y
n194                        3 U131/Y
n195                        2 U154/Y
n196                        1 U218/Y
n197                        1 U219/Y
n198                        1 ctmTdsLR_2_121/Y
n199                        3 U153/Y
n200                        2 U215/Y
n201                        1 U221/Y
n202                        2 U204/Y
n203                        2 U140/Y
n204                        2 U148/Y
n207                        2 U142/Y
n209                        3 U141/Y
n210                        2 U150/Y
n211                        1 U229/Y
n212                        1 U230/Y
n213                        1 ctmTdsLR_2_123/Y
n214                        3 U149/Y
n215                        2 U226/Y
n216                        1 U232/Y
n217                        2 ctmTdsLR_2_112/Y
n218                        3 U138/Y
n219                        2 U147/Y
n220                        1 U235/Y
n221                        1 U236/Y
n222                        1 U234/Y
n223                        3 U139/Y
n224                        3 U146/Y
n225                        1 U238/Y
n226                        1 U239/Y
n227                        4 U202/Y
n228                        2 ctmTdsLR_1_37/Y
n229                        2 U113/Y
n230                        3 U114/Y
n231                        2 U129/Y
n232                        1 U242/Y
n233                        1 U243/Y
n234                        1 U241/Y
n235                        3 U115/Y
n236                        3 U128/Y
n237                        1 U245/Y
n238                        1 U246/Y
n239                        2 U48/Y
n240                        2 U112/Y
n242                        3 U111/Y
n243                        2 U126/Y
n244                        1 U250/Y
n245                        1 U251/Y
n246                        1 ctmTdsLR_2_95/Y
n247                        3 U125/Y
n248                        2 U248/Y
n249                        1 U253/Y
n250                        3 U77/Y
n251                        3 ctmTdsLR_2_88/Y
n252                        3 U119/Y
n253                        2 U123/Y
n254                        1 U257/Y
n255                        1 U258/Y
n256                        1 U256/Y
n257                        3 U120/Y
n258                        3 U122/Y
n259                        1 U260/Y
n260                        1 U261/Y
n261                        2 U255/Y
n262                        1 U263/Y
n263                        3 ctmTdsLR_1_73/Y
n264                        2 U267/CO
n265                        1 ctmTdsLR_1_42/Y
n266                        1 U83/Y
tmp_net41                   1 ctmTdsLR_1_79/Y
tmp_net43                   1 ctmTdsLR_1_87/Y
tmp_net44                   1 ctmTdsLR_1_89/Y
popt_net_0                  2 ctmTdsLR_2_10/Y
popt_net_2                  2 ctmTdsLR_2_100/Y
popt_net_8                  2 ctmTdsLR_3_23/Y
popt_net_9                  1 ctmTdsLR_2_22/Y
popt_net_10                 1 ctmTdsLR_5_25/Y
popt_net_12                 1 ctmTdsLR_4_24/Y
popt_net_13                 1 ctmTdsLR_7_27/Y
popt_net_16                 1 ctmTdsLR_2_34/Y
popt_net_18                 1 ctmTdsLR_2_38/Y
popt_net_19                 2 ctmTdsLR_2_41/Y
popt_net_20                 1 ctmTdsLR_2_43/Y
popt_net_22                 2 ctmTdsLR_4_49/Y
popt_net_24                 1 ctmTdsLR_2_105/Y
popt_net_25                 1 ctmTdsLR_6_51/Y
popt_net_26                 1 ctmTdsLR_5_50/Y
popt_net_28                 1 ctmTdsLR_7_52/Y
popt_net_35                 3 ctmTdsLR_3_69/Y
popt_net_37                 1 ctmTdsLR_2_74/Y
popt_net_38                 1 ctmTdsLR_1_82/Y
tmp_net45                   1 ctmTdsLR_1_91/Y
tmp_net46                   1 ctmTdsLR_1_94/Y
tmp_net47                   1 ctmTdsLR_1_97/Y
tmp_net48                   1 ctmTdsLR_1_99/Y
tmp_net49                   1 ctmTdsLR_1_104/Y
tmp_net50                   1 ctmTdsLR_1_109/Y
tmp_net51                   1 ctmTdsLR_1_111/Y
tmp_net52                   1 ctmTdsLR_1_114/Y
tmp_net53                   1 ctmTdsLR_2_115/Y
tmp_net54                   1 ctmTdsLR_1_117/Y
tmp_net55                   1 ctmTdsLR_2_118/Y
tmp_net56                   1 ctmTdsLR_1_120/Y
tmp_net57                   1 ctmTdsLR_1_122/Y
tmp_net58                   1 ctmTdsLR_1_126/Y
1
