****************************************
Report : Averaged Power
Design : csla32_bec
Version: T-2022.03-SP2
Date   : Fri May 22 11:33:35 2026
****************************************



  Attributes
  ----------
      i  -  Including register clock pin internal power
      u  -  User defined power group

                        Internal  Switching  Leakage    Total
Power Group             Power     Power      Power      Power   (     %)  Attrs
--------------------------------------------------------------------------------
clock_network              0.0000    0.0000    0.0000    0.0000 ( 0.00%)  i
register                   0.0000    0.0000    0.0000    0.0000 ( 0.00%)  
combinational           6.398e-05 3.461e-05 3.250e-05 1.311e-04 (100.00%) 
sequential                 0.0000    0.0000    0.0000    0.0000 ( 0.00%)  
memory                     0.0000    0.0000    0.0000    0.0000 ( 0.00%)  
io_pad                     0.0000    0.0000    0.0000    0.0000 ( 0.00%)  
black_box                  0.0000    0.0000    0.0000    0.0000 ( 0.00%)  

  Net Switching Power  = 3.461e-05   (26.40%)
  Cell Internal Power  = 6.398e-05   (48.81%)
  Cell Leakage Power   = 3.250e-05   (24.79%)
                         ---------
Total Power            = 1.311e-04  (100.00%)

1
