****************************************
Report : Averaged Power
Design : kogge_stone_adder
Version: T-2022.03-SP2
Date   : Fri May 22 11:34:21 2026
****************************************



  Attributes
  ----------
      i  -  Including register clock pin internal power
      u  -  User defined power group

                        Internal  Switching  Leakage    Total
Power Group             Power     Power      Power      Power   (     %)  Attrs
--------------------------------------------------------------------------------
clock_network              0.0000    0.0000    0.0000    0.0000 ( 0.00%)  i
register                   0.0000    0.0000    0.0000    0.0000 ( 0.00%)  
combinational           7.725e-05 4.612e-05 5.515e-05 1.785e-04 (100.00%) 
sequential                 0.0000    0.0000    0.0000    0.0000 ( 0.00%)  
memory                     0.0000    0.0000    0.0000    0.0000 ( 0.00%)  
io_pad                     0.0000    0.0000    0.0000    0.0000 ( 0.00%)  
black_box                  0.0000    0.0000    0.0000    0.0000 ( 0.00%)  

  Net Switching Power  = 4.612e-05   (25.84%)
  Cell Internal Power  = 7.725e-05   (43.27%)
  Cell Leakage Power   = 5.515e-05   (30.89%)
                         ---------
Total Power            = 1.785e-04  (100.00%)

1
