[icc2-lic Tue Apr 21 18:16:11 2026] Command 'report_power' requires licenses
[icc2-lic Tue Apr 21 18:16:11 2026] Attempting to check-out alternate set of keys directly with queueing
[icc2-lic Tue Apr 21 18:16:11 2026] Sending count request for 'ICCompilerII-8' 
[icc2-lic Tue Apr 21 18:16:11 2026] Count request for 'ICCompilerII-8' returned 1 
[icc2-lic Tue Apr 21 18:16:11 2026] Sending check-out request for 'ICCompilerII-8' (1) with wait option
[icc2-lic Tue Apr 21 18:16:11 2026] Check-out request for 'ICCompilerII-8' with wait option succeeded
[icc2-lic Tue Apr 21 18:16:11 2026] Sending checkout check request for 'ICCompilerII-8' 
[icc2-lic Tue Apr 21 18:16:11 2026] Checkout check request for 'ICCompilerII-8' returned 0 
[icc2-lic Tue Apr 21 18:16:11 2026] Sending count request for 'ICCompilerII-8' 
[icc2-lic Tue Apr 21 18:16:11 2026] Count request for 'ICCompilerII-8' returned 1 
[icc2-lic Tue Apr 21 18:16:11 2026] Sending count request for 'ICCompilerII-NX' 
[icc2-lic Tue Apr 21 18:16:11 2026] Count request for 'ICCompilerII-NX' returned 1 
[icc2-lic Tue Apr 21 18:16:11 2026] Sending check-out request for 'ICCompilerII-NX' (1) with wait option
[icc2-lic Tue Apr 21 18:16:11 2026] Check-out request for 'ICCompilerII-NX' with wait option succeeded
[icc2-lic Tue Apr 21 18:16:11 2026] Sending checkout check request for 'ICCompilerII-NX' 
[icc2-lic Tue Apr 21 18:16:11 2026] Checkout check request for 'ICCompilerII-NX' returned 0 
[icc2-lic Tue Apr 21 18:16:11 2026] Sending count request for 'ICCompilerII-NX' 
[icc2-lic Tue Apr 21 18:16:11 2026] Count request for 'ICCompilerII-NX' returned 1 
[icc2-lic Tue Apr 21 18:16:11 2026] Check-out of alternate set of keys directly with queueing was successful
****************************************
Report : power
        -significant_digits 2
Design : brent_kung_32
Version: U-2022.12-SP3
Date   : Tue Apr 21 18:16:11 2026
****************************************
Information: Activity propagation will be performed for scenario SCEN_TT.
Information: Doing activity propagation for mode 'FUNC' and corner 'TT' with effort level 'medium'. (POW-024)
Information: Timer-derived activity data is cached on scenario SCEN_TT (POW-052)
Infomation: Fast mode activity propagation power.rtl_activity_annotation setup is ignored. Always use accurate mode.
Information: Running switching activity propagation in scalar mode!

 **** Information : No. of simulation cycles = 6 ****
Mode: FUNC
Corner: TT
Scenario: SCEN_TT
Voltage: 0.85
Temperature: 125.00

Voltage Unit         : 1V
Capacitance Unit     : 1fF
Time Unit            : 1ns
Temperature Unit     : 1C
Dynamic Power Unit   : 1pW
Leakage Power Unit   : 1pW

Switched supply net power scaling:
scaling for leakage power

Supply nets:
VDD (power) probability 1.00 (default)
VSS (ground) probability 1.00 (default)
Warning: Power table extrapolation (extrapolation mode) for port A2 on cell ctmTdsLR_1_63 for parameter Tinp. Lowest table value = 0.016000, highest table value = 1.024000, value = 0.010052 (POW-046)
Warning: Power table extrapolation (extrapolation mode) for port Y on cell ctmTdsLR_1_63 for parameter Tinp. Lowest table value = 0.016000, highest table value = 1.024000, value = 0.013561 (POW-046)
Warning: Power table extrapolation (extrapolation mode) for port Y on cell U38 for parameter Tinp. Lowest table value = 0.016000, highest table value = 1.024000, value = 0.015945 (POW-046)
Warning: Power table extrapolation (extrapolation mode) for port A2 on cell U42 for parameter Tinp. Lowest table value = 0.016000, highest table value = 1.024000, value = 0.012341 (POW-046)
Warning: Power table extrapolation (extrapolation mode) for port Y on cell U42 for parameter Tinp. Lowest table value = 0.016000, highest table value = 1.024000, value = 0.015945 (POW-046)
Warning: Power table extrapolation (extrapolation mode) for port A6 on cell ctmTdsLR_1_150 for parameter Tinp. Lowest table value = 0.016000, highest table value = 1.024000, value = 0.015888 (POW-046)
Warning: Power table extrapolation (extrapolation mode) for port Y on cell ctmTdsLR_1_150 for parameter Tinp. Lowest table value = 0.016000, highest table value = 1.024000, value = 0.015888 (POW-046)
Warning: Power table extrapolation (extrapolation mode) for port A2 on cell U69 for parameter Tinp. Lowest table value = 0.016000, highest table value = 1.024000, value = 0.015392 (POW-046)
Warning: Power table extrapolation (extrapolation mode) for port Y on cell U69 for parameter Tinp. Lowest table value = 0.016000, highest table value = 1.024000, value = 0.015392 (POW-046)
Warning: Power table extrapolation (extrapolation mode) for port Y on cell ropt_h_inst_192 for parameter Tinp. Lowest table value = 0.016000, highest table value = 1.024000, value = 0.014286 (POW-046)

  Cell Internal Power    = 2.48e+07 pW ( 66.7%)
  Net Switching Power    = 1.24e+07 pW ( 33.3%)
Total Dynamic Power      = 3.72e+07 pW (100.0%)

Cell Leakage Power       = 9.15e+08 pW


  Attributes
  ----------
      u  -  User defined power group

Power Group         Internal Power        Switching Power          Leakage Power            Total Power    (   %  )    Attrs
-----------------------------------------------------------------------------------------------------------------------------
io_pad                    0.00e+00               0.00e+00               0.00e+00               0.00e+00    (  0.0%)         
memory                    0.00e+00               0.00e+00               0.00e+00               0.00e+00    (  0.0%)         
black_box                 0.00e+00               0.00e+00               0.00e+00               0.00e+00    (  0.0%)         
clock_network             0.00e+00               0.00e+00               0.00e+00               0.00e+00    (  0.0%)         
register                  0.00e+00               0.00e+00               0.00e+00               0.00e+00    (  0.0%)         
sequential                0.00e+00               0.00e+00               0.00e+00               0.00e+00    (  0.0%)         
combinational             2.48e+07               1.24e+07               9.15e+08               9.53e+08    (100.0%)         
-----------------------------------------------------------------------------------------------------------------------------
Total                     2.48e+07 pW            1.24e+07 pW            9.15e+08 pW            9.53e+08 pW
1
