****************************************
Report : net_fanout
        -threshold
Design : csla32_nobec_flat
Version: U-2022.12-SP3
Date   : Tue Apr 21 18:15:11 2026
****************************************

NetName                Fanout Driver
-------                ------ ------
A[31]                       1 A[31]
A[30]                       1 A[30]
A[29]                       1 A[29]
A[28]                       1 A[28]
A[27]                       1 A[27]
A[26]                       1 A[26]
A[25]                       1 A[25]
A[24]                       1 A[24]
A[23]                       1 A[23]
A[22]                       2 A[22]
A[21]                       1 A[21]
A[20]                       1 A[20]
A[19]                       1 A[19]
A[18]                       1 A[18]
A[17]                       1 A[17]
A[16]                       1 A[16]
A[15]                       2 A[15]
A[14]                       1 A[14]
A[13]                       1 A[13]
A[12]                       1 A[12]
A[11]                       1 A[11]
A[10]                       1 A[10]
A[9]                        2 A[9]
A[8]                        1 A[8]
A[7]                        1 A[7]
A[6]                        3 A[6]
A[5]                        1 A[5]
A[4]                        3 A[4]
A[3]                        1 A[3]
A[2]                        1 A[2]
A[1]                        1 A[1]
A[0]                        2 A[0]
B[31]                       1 B[31]
B[30]                       1 B[30]
B[29]                       1 B[29]
B[28]                       1 B[28]
B[27]                       1 B[27]
B[26]                       1 B[26]
B[25]                       1 B[25]
B[24]                       1 B[24]
B[23]                       1 B[23]
B[22]                       2 B[22]
B[21]                       1 B[21]
B[20]                       1 B[20]
B[19]                       1 B[19]
B[18]                       1 B[18]
B[17]                       1 B[17]
B[16]                       1 B[16]
B[15]                       2 B[15]
B[14]                       1 B[14]
B[13]                       1 B[13]
B[12]                       1 B[12]
B[11]                       1 B[11]
B[10]                       1 B[10]
B[9]                        2 B[9]
B[8]                        1 B[8]
B[7]                        1 B[7]
B[6]                        3 B[6]
B[5]                        1 B[5]
B[4]                        3 B[4]
B[3]                        1 B[3]
B[2]                        1 B[2]
B[1]                        1 B[1]
B[0]                        2 B[0]
Cin                         2 Cin
Sum[31]                     1 U170/Y
Sum[30]                     1 U55/Y
Sum[29]                     1 U56/Y
Sum[28]                     1 U57/Y
Sum[27]                     1 U58/Y
Sum[26]                     1 U49/Y
Sum[25]                     1 U59/Y
Sum[24]                     1 U50/Y
Sum[23]                     1 U54/Y
Sum[22]                     1 U66/Y
Sum[21]                     1 ctmTdsLR_1_38/Y
Sum[20]                     1 U148/Y
Sum[19]                     1 U149/Y
Sum[18]                     1 U51/Y
Sum[17]                     1 U60/Y
Sum[16]                     1 U47/Y
Sum[15]                     1 U64/Y
Sum[14]                     1 U44/Y
Sum[13]                     1 ctmTdsLR_2_100/Y
Sum[12]                     1 U52/Y
Sum[11]                     1 U61/Y
Sum[10]                     1 U53/Y
Sum[9]                      1 U65/Y
Sum[8]                      1 U46/Y
Sum[7]                      1 ctmTdsLR_2_89/Y
Sum[6]                      1 U62/Y
Sum[5]                      1 U48/Y
Sum[4]                      1 U63/Y
Sum[3]                      1 ctmTdsLR_1_101/Y
Sum[2]                      1 U103/Y
Sum[1]                      1 U189/Y
ropt_net_41                 1 U67/Y
Cout                        1 U192/Y
intadd_2/CI                 1 U141/Y
intadd_2/SUM[8]             2 intadd_2/U2/S
intadd_2/SUM[7]             2 intadd_2/U3/S
intadd_2/SUM[6]             2 intadd_2/U4/S
intadd_2/SUM[5]             2 intadd_2/U5/S
intadd_2/SUM[4]             3 intadd_2/U6/S
intadd_2/SUM[3]             4 intadd_2/U7/S
intadd_2/SUM[2]             2 intadd_2/U8/S
intadd_2/SUM[1]             3 intadd_2/U9/S
intadd_2/SUM[0]             3 intadd_2/U10/S
intadd_2/n9                 1 intadd_2/U10/CO
intadd_2/n8                 1 intadd_2/U9/CO
intadd_2/n7                 1 intadd_2/U8/CO
intadd_2/n6                 1 intadd_2/U7/CO
intadd_2/n5                 1 intadd_2/U6/CO
intadd_2/n4                 1 intadd_2/U5/CO
intadd_2/n3                 1 intadd_2/U4/CO
intadd_2/n2                 1 intadd_2/U3/CO
intadd_2/n1                 1 intadd_2/U2/CO
intadd_3/CI                 1 U144/Y
intadd_3/SUM[5]             2 intadd_3/U2/S
intadd_3/SUM[4]             2 intadd_3/U3/S
intadd_3/SUM[3]             3 intadd_3/U4/S
intadd_3/SUM[2]             3 intadd_3/U5/S
intadd_3/SUM[1]             3 intadd_3/U6/S
intadd_3/SUM[0]             4 intadd_3/U7/S
intadd_3/n6                 1 intadd_3/U7/CO
intadd_3/n5                 1 intadd_3/U6/CO
intadd_3/n4                 1 intadd_3/U5/CO
intadd_3/n3                 1 intadd_3/U4/CO
intadd_3/n2                 1 intadd_3/U3/CO
intadd_3/n1                 1 intadd_3/U2/CO
intadd_4/CI                 1 U142/Y
intadd_4/SUM[4]             5 intadd_4/U2/S
intadd_4/SUM[3]             2 intadd_4/U3/S
intadd_4/SUM[2]             2 intadd_4/U4/S
intadd_4/SUM[1]             2 intadd_4/U5/S
intadd_4/SUM[0]             2 intadd_4/U6/S
intadd_4/n5                 1 intadd_4/U6/CO
intadd_4/n4                 1 intadd_4/U5/CO
intadd_4/n3                 1 intadd_4/U4/CO
intadd_4/n2                 1 intadd_4/U3/CO
intadd_4/n1                 3 intadd_4/U2/CO
intadd_5/CI                 1 ctmTdsLR_1_57/Y
intadd_5/SUM[3]             3 intadd_5/U2/S
intadd_5/SUM[2]             2 intadd_5/U3/S
intadd_5/SUM[1]             2 ctmTdsLR_4_56/Y
intadd_5/SUM[0]             2 intadd_5/U5/S
intadd_5/n4                 3 intadd_5/U5/CO
intadd_5/n3                 1 ctmTdsLR_1_90/Y
intadd_5/n2                 1 intadd_5/U3/CO
intadd_5/n1                 1 intadd_5/U2/CO
intadd_6/CI                 2 U151/Y
intadd_6/SUM[2]             2 intadd_6/U2/S
intadd_6/SUM[1]             3 intadd_6/U3/S
intadd_6/SUM[0]             4 intadd_6/U4/S
intadd_6/n3                 1 intadd_6/U4/CO
intadd_6/n2                 1 intadd_6/U3/CO
intadd_6/n1                 1 intadd_6/U2/CO
tmp_net33                   1 ctmTdsLR_1_86/Y
tmp_net34                   1 ctmTdsLR_1_88/Y
tmp_net35                   1 ctmTdsLR_1_92/Y
tmp_net36                   1 ctmTdsLR_1_96/Y
tmp_net37                   1 ctmTdsLR_2_97/Y
tmp_net38                   1 ctmTdsLR_1_99/Y
tmp_net39                   1 ctmTdsLR_1_103/Y
Sum[0]                      1 ropt_h_inst_108/Y
n20                         2 U145/Y
n21                         2 U113/Y
n22                         1 U146/Y
n23                         1 U147/Y
n24                         1 ctmTdsLR_1_67/Y
n25                         1 U160/Y
n27                         2 U131/Y
n29                         1 U124/Y
n30                         1 U138/Y
n31                         1 U133/Y
n32                         1 U127/Y
n33                         1 U123/Y
n39                         2 U75/Y
n41                         2 U118/Y
n47                         2 U119/Y
n49                         1 U115/Y
n50                         1 U114/Y
n51                         1 U111/Y
n52                         1 U158/Y
n53                         2 U154/Y
n54                         2 U152/Y
n55                         2 U156/Y
n56                         4 U162/Y
n57                         3 U159/Y
n58                         3 ctmTdsLR_1_35/Y
n59                         1 U109/Y
n60                         2 U86/Y
n63                         1 U164/Y
n64                         4 ctmTdsLR_1_75/Y
n65                         2 U166/Y
n66                         2 U165/Y
n67                         2 U157/Y
n68                         1 U172/Y
n69                         3 U83/Y
n70                         1 U108/Y
n71                         3 ctmTdsLR_1_61/Y
n72                         6 U80/Y
n76                         5 U155/Y
n77                         7 U88/Y
n78                         2 ctmTdsLR_1_33/Y
n79                         1 U176/Y
n80                         1 U177/Y
n81                         2 ctmTdsLR_1_102/Y
n83                         1 ctmTdsLR_1_58/Y
n84                         1 U112/Y
n85                         4 U153/Y
n86                         4 ctmTdsLR_3_98/Y
n87                         2 U169/Y
n88                         1 U179/Y
n89                         2 ctmTdsLR_1_25/Y
n90                         1 U104/Y
n91                         2 ctmTdsLR_1_30/Y
n92                         1 U180/Y
n93                         2 ctmTdsLR_1_62/Y
n94                         1 U181/Y
n95                         2 ctmTdsLR_1_76/Y
n96                         1 U182/Y
n97                         3 ctmTdsLR_1_78/Y
n98                         1 U183/Y
n99                         2 U69/Y
n100                        1 U184/Y
n101                        2 U84/Y
n102                        1 U110/Y
n103                        2 U167/Y
n104                        2 ctmTdsLR_1_23/Y
n105                        1 U185/Y
n106                        2 ctmTdsLR_1_42/Y
n108                        1 U186/Y
n109                        3 ctmTdsLR_1_80/Y
n110                        3 U90/Y
n111                        1 U187/Y
n112                        2 U163/Y
n113                        1 U188/Y
n114                        2 ctmTdsLR_1_73/Y
n115                        1 U140/Y
n116                        3 U102/Y
n117                        3 U161/Y
n118                        3 U101/Y
n119                        2 U121/Y
n121                        2 U89/Y
n122                        1 U191/Y
ZBUF_9_0                    1 ZBUF_9_inst_1/Y
ZBUF_2_1                    2 ZBUF_2_inst_4/Y
ZBUF_9_4                    1 ZBUF_9_inst_10/Y
ZBUF_17_6                   2 ZBUF_17_inst_15/Y
popt_net_3                  1 ctmTdsLR_1_45/Y
popt_net_5                  2 ctmTdsLR_3_32/Y
popt_net_8                  2 ctmTdsLR_2_36/Y
popt_net_12                 2 ctmTdsLR_3_44/Y
popt_net_13                 1 ctmTdsLR_1_94/Y
popt_net_16                 2 ctmTdsLR_3_52/Y
popt_net_20                 4 ctmTdsLR_2_104/Y
popt_net_21                 2 ctmTdsLR_3_64/Y
popt_net_22                 1 ctmTdsLR_1_95/Y
popt_net_23                 2 ctmTdsLR_4_65/Y
popt_net_24                 4 ctmTdsLR_1_68/Y
popt_net_25                 1 ctmTdsLR_2_69/Y
popt_net_26                 1 ctmTdsLR_3_70/Y
popt_net_30                 1 ctmTdsLR_2_87/Y
1
